Archive member included to satisfy reference by file (symbol)

../libopencm3/lib/libopencm3_stm32f2.a(rcc.o)
                              src/setup.o (rcc_clock_setup_hse_3v3)
../libopencm3/lib/libopencm3_stm32f2.a(gpio_common_all.o)
                              src/display.o (gpio_set)
../libopencm3/lib/libopencm3_stm32f2.a(gpio_common_f0234.o)
                              src/setup.o (gpio_mode_setup)
../libopencm3/lib/libopencm3_stm32f2.a(spi_common_all.o)
                              src/setup.o (spi_enable)
../libopencm3/lib/libopencm3_stm32f2.a(spi_common_l1f124.o)
                              src/setup.o (spi_init_master)
../libopencm3/lib/libopencm3_stm32f2.a(flash_common_f234.o)
                              ../libopencm3/lib/libopencm3_stm32f2.a(rcc.o) (flash_set_ws)
../libopencm3/lib/libopencm3_stm32f2.a(rcc_common_all.o)
                              src/setup.o (rcc_periph_clock_enable)
../libopencm3/lib/libopencm3_stm32f2.a(vector.o)
                              (reset_handler)
../libopencm3/lib/libopencm3_stm32f2.a(scb.o)
                              src/util.o (scb_reset_system)
../libopencm3/lib/libopencm3_stm32f2.a(assert.o)
                              ../libopencm3/lib/libopencm3_stm32f2.a(rcc.o) (cm3_assert_failed)
/home/ia/ARM_toolchain/gcc-arm-none-eabi-6-2017-q2-update/bin/../lib/gcc/arm-none-eabi/6.3.1/../../../../arm-none-eabi/lib/thumb/v7-m/libc.a(lib_a-memcpy.o)
                              src/display.o (memcpy)
/home/ia/ARM_toolchain/gcc-arm-none-eabi-6-2017-q2-update/bin/../lib/gcc/arm-none-eabi/6.3.1/../../../../arm-none-eabi/lib/thumb/v7-m/libc.a(lib_a-memset.o)
                              src/display.o (memset)

Discarded input sections

 .text          0x0000000000000000        0x0 monezor.o
 .data          0x0000000000000000        0x0 monezor.o
 .bss           0x0000000000000000        0x0 monezor.o
 .text          0x0000000000000000        0x0 src/display.o
 .data          0x0000000000000000        0x0 src/display.o
 .bss           0x0000000000000000        0x0 src/display.o
 .text.oledInvertPixel
                0x0000000000000000       0x30 src/display.o
 .text.oledGetBuffer
                0x0000000000000000        0x8 src/display.o
 .text.oledSetDebugLink
                0x0000000000000000        0xc src/display.o
 .text.oledSetBuffer
                0x0000000000000000       0x14 src/display.o
 .text.oledInvert
                0x0000000000000000       0x3a src/display.o
 .text.oledDrawStringCenter
                0x0000000000000000       0x24 src/display.o
 .text.oledHLine
                0x0000000000000000       0x1a src/display.o
 .text.oledFrame
                0x0000000000000000       0x42 src/display.o
 .text.oledSwipeLeft
                0x0000000000000000       0x3c src/display.o
 .text.oledSwipeRight
                0x0000000000000000       0x64 src/display.o
 .text          0x0000000000000000        0x0 src/setup.o
 .data          0x0000000000000000        0x0 src/setup.o
 .bss           0x0000000000000000        0x0 src/setup.o
 .text.__stack_chk_fail
                0x0000000000000000        0x2 src/setup.o
 .text.setupApp
                0x0000000000000000       0x50 src/setup.o
 .bss.__stack_chk_guard
                0x0000000000000000        0x4 src/setup.o
 .text          0x0000000000000000        0x0 src/util.o
 .data          0x0000000000000000        0x0 src/util.o
 .bss           0x0000000000000000        0x0 src/util.o
 .text.uint32hex
                0x0000000000000000       0x24 src/util.o
 .text.data2hex
                0x0000000000000000       0x38 src/util.o
 .text.readprotobufint
                0x0000000000000000       0x5a src/util.o
 .text.system_halt
                0x0000000000000000        0x2 src/util.o
 .text.system_reset
                0x0000000000000000        0x6 src/util.o
 .rodata.uint32hex.str1.1
                0x0000000000000000       0x11 src/util.o
 .text          0x0000000000000000        0x0 src/bitmaps.o
 .data          0x0000000000000000        0x0 src/bitmaps.o
 .bss           0x0000000000000000        0x0 src/bitmaps.o
 .rodata.bmp_digit0
                0x0000000000000000        0x8 src/bitmaps.o
 .rodata.bmp_digit0_data
                0x0000000000000000       0x20 src/bitmaps.o
 .rodata.bmp_digit1
                0x0000000000000000        0x8 src/bitmaps.o
 .rodata.bmp_digit1_data
                0x0000000000000000       0x20 src/bitmaps.o
 .rodata.bmp_digit2
                0x0000000000000000        0x8 src/bitmaps.o
 .rodata.bmp_digit2_data
                0x0000000000000000       0x20 src/bitmaps.o
 .rodata.bmp_digit3
                0x0000000000000000        0x8 src/bitmaps.o
 .rodata.bmp_digit3_data
                0x0000000000000000       0x20 src/bitmaps.o
 .rodata.bmp_digit4
                0x0000000000000000        0x8 src/bitmaps.o
 .rodata.bmp_digit4_data
                0x0000000000000000       0x20 src/bitmaps.o
 .rodata.bmp_digit5
                0x0000000000000000        0x8 src/bitmaps.o
 .rodata.bmp_digit5_data
                0x0000000000000000       0x20 src/bitmaps.o
 .rodata.bmp_digit6
                0x0000000000000000        0x8 src/bitmaps.o
 .rodata.bmp_digit6_data
                0x0000000000000000       0x20 src/bitmaps.o
 .rodata.bmp_digit7
                0x0000000000000000        0x8 src/bitmaps.o
 .rodata.bmp_digit7_data
                0x0000000000000000       0x20 src/bitmaps.o
 .rodata.bmp_digit8
                0x0000000000000000        0x8 src/bitmaps.o
 .rodata.bmp_digit8_data
                0x0000000000000000       0x20 src/bitmaps.o
 .rodata.bmp_digit9
                0x0000000000000000        0x8 src/bitmaps.o
 .rodata.bmp_digit9_data
                0x0000000000000000       0x20 src/bitmaps.o
 .rodata.bmp_gears0
                0x0000000000000000        0x8 src/bitmaps.o
 .rodata.bmp_gears0_data
                0x0000000000000000      0x120 src/bitmaps.o
 .rodata.bmp_gears1
                0x0000000000000000        0x8 src/bitmaps.o
 .rodata.bmp_gears1_data
                0x0000000000000000      0x120 src/bitmaps.o
 .rodata.bmp_gears2
                0x0000000000000000        0x8 src/bitmaps.o
 .rodata.bmp_gears2_data
                0x0000000000000000      0x120 src/bitmaps.o
 .rodata.bmp_gears3
                0x0000000000000000        0x8 src/bitmaps.o
 .rodata.bmp_gears3_data
                0x0000000000000000      0x120 src/bitmaps.o
 .rodata.bmp_icon_error
                0x0000000000000000        0x8 src/bitmaps.o
 .rodata.bmp_icon_error_data
                0x0000000000000000       0x20 src/bitmaps.o
 .rodata.bmp_icon_info
                0x0000000000000000        0x8 src/bitmaps.o
 .rodata.bmp_icon_info_data
                0x0000000000000000       0x20 src/bitmaps.o
 .rodata.bmp_icon_ok
                0x0000000000000000        0x8 src/bitmaps.o
 .rodata.bmp_icon_ok_data
                0x0000000000000000       0x20 src/bitmaps.o
 .rodata.bmp_icon_question
                0x0000000000000000        0x8 src/bitmaps.o
 .rodata.bmp_icon_question_data
                0x0000000000000000       0x20 src/bitmaps.o
 .rodata.bmp_icon_warning
                0x0000000000000000        0x8 src/bitmaps.o
 .rodata.bmp_icon_warning_data
                0x0000000000000000       0x20 src/bitmaps.o
 .rodata.bmp_logo48
                0x0000000000000000        0x8 src/bitmaps.o
 .rodata.bmp_logo48_data
                0x0000000000000000       0xf0 src/bitmaps.o
 .rodata.bmp_logo48_empty
                0x0000000000000000        0x8 src/bitmaps.o
 .rodata.bmp_logo48_empty_data
                0x0000000000000000       0xf0 src/bitmaps.o
 .rodata.bmp_logo64_empty
                0x0000000000000000        0x8 src/bitmaps.o
 .rodata.bmp_logo64_empty_data
                0x0000000000000000       0xf0 src/bitmaps.o
 .rodata.bmp_u2f_bitbucket
                0x0000000000000000        0x8 src/bitmaps.o
 .rodata.bmp_u2f_bitbucket_data
                0x0000000000000000       0x80 src/bitmaps.o
 .rodata.bmp_u2f_bitfinex
                0x0000000000000000        0x8 src/bitmaps.o
 .rodata.bmp_u2f_bitfinex_data
                0x0000000000000000       0x80 src/bitmaps.o
 .rodata.bmp_u2f_dropbox
                0x0000000000000000        0x8 src/bitmaps.o
 .rodata.bmp_u2f_dropbox_data
                0x0000000000000000       0x80 src/bitmaps.o
 .rodata.bmp_u2f_fastmail
                0x0000000000000000        0x8 src/bitmaps.o
 .rodata.bmp_u2f_fastmail_data
                0x0000000000000000       0x80 src/bitmaps.o
 .rodata.bmp_u2f_gandi
                0x0000000000000000        0x8 src/bitmaps.o
 .rodata.bmp_u2f_gandi_data
                0x0000000000000000       0x80 src/bitmaps.o
 .rodata.bmp_u2f_github
                0x0000000000000000        0x8 src/bitmaps.o
 .rodata.bmp_u2f_github_data
                0x0000000000000000       0x80 src/bitmaps.o
 .rodata.bmp_u2f_gitlab
                0x0000000000000000        0x8 src/bitmaps.o
 .rodata.bmp_u2f_gitlab_data
                0x0000000000000000       0x80 src/bitmaps.o
 .rodata.bmp_u2f_google
                0x0000000000000000        0x8 src/bitmaps.o
 .rodata.bmp_u2f_google_data
                0x0000000000000000       0x80 src/bitmaps.o
 .rodata.bmp_u2f_slushpool
                0x0000000000000000        0x8 src/bitmaps.o
 .rodata.bmp_u2f_slushpool_data
                0x0000000000000000       0x80 src/bitmaps.o
 .rodata.bmp_u2f_yubico
                0x0000000000000000        0x8 src/bitmaps.o
 .rodata.bmp_u2f_yubico_data
                0x0000000000000000       0x80 src/bitmaps.o
 .text          0x0000000000000000        0x0 src/fonts.o
 .data          0x0000000000000000        0x0 src/fonts.o
 .bss           0x0000000000000000        0x0 src/fonts.o
 .text          0x0000000000000000        0x0 src/buttons.o
 .data          0x0000000000000000        0x0 src/buttons.o
 .bss           0x0000000000000000        0x0 src/buttons.o
 .text.buttonUpdate
                0x0000000000000000       0x84 src/buttons.o
 .bss.button    0x0000000000000000       0x10 src/buttons.o
 .data.last_state.4074
                0x0000000000000000        0x2 src/buttons.o
 .debug_info    0x0000000000000000      0x13a src/buttons.o
 .debug_abbrev  0x0000000000000000       0xcb src/buttons.o
 .debug_aranges
                0x0000000000000000       0x20 src/buttons.o
 .debug_ranges  0x0000000000000000       0x10 src/buttons.o
 .debug_line    0x0000000000000000      0x17c src/buttons.o
 .debug_str     0x0000000000000000      0x1f6 src/buttons.o
 .comment       0x0000000000000000       0x80 src/buttons.o
 .debug_frame   0x0000000000000000       0x28 src/buttons.o
 .ARM.attributes
                0x0000000000000000       0x33 src/buttons.o
 .group         0x0000000000000000        0x8 ../libopencm3/lib/libopencm3_stm32f2.a(rcc.o)
 .group         0x0000000000000000        0x8 ../libopencm3/lib/libopencm3_stm32f2.a(rcc.o)
 .group         0x0000000000000000        0x8 ../libopencm3/lib/libopencm3_stm32f2.a(rcc.o)
 .group         0x0000000000000000        0x8 ../libopencm3/lib/libopencm3_stm32f2.a(rcc.o)
 .group         0x0000000000000000        0x8 ../libopencm3/lib/libopencm3_stm32f2.a(rcc.o)
 .group         0x0000000000000000        0x8 ../libopencm3/lib/libopencm3_stm32f2.a(rcc.o)
 .group         0x0000000000000000        0x8 ../libopencm3/lib/libopencm3_stm32f2.a(rcc.o)
 .group         0x0000000000000000        0x8 ../libopencm3/lib/libopencm3_stm32f2.a(rcc.o)
 .group         0x0000000000000000        0x8 ../libopencm3/lib/libopencm3_stm32f2.a(rcc.o)
 .group         0x0000000000000000        0x8 ../libopencm3/lib/libopencm3_stm32f2.a(rcc.o)
 .group         0x0000000000000000        0x8 ../libopencm3/lib/libopencm3_stm32f2.a(rcc.o)
 .group         0x0000000000000000        0x8 ../libopencm3/lib/libopencm3_stm32f2.a(rcc.o)
 .group         0x0000000000000000        0x8 ../libopencm3/lib/libopencm3_stm32f2.a(rcc.o)
 .group         0x0000000000000000        0x8 ../libopencm3/lib/libopencm3_stm32f2.a(rcc.o)
 .group         0x0000000000000000        0x8 ../libopencm3/lib/libopencm3_stm32f2.a(rcc.o)
 .text          0x0000000000000000        0x0 ../libopencm3/lib/libopencm3_stm32f2.a(rcc.o)
 .data          0x0000000000000000        0x0 ../libopencm3/lib/libopencm3_stm32f2.a(rcc.o)
 .bss           0x0000000000000000        0x0 ../libopencm3/lib/libopencm3_stm32f2.a(rcc.o)
 .text.rcc_osc_ready_int_clear
                0x0000000000000000       0x48 ../libopencm3/lib/libopencm3_stm32f2.a(rcc.o)
 .text.rcc_osc_ready_int_enable
                0x0000000000000000       0x48 ../libopencm3/lib/libopencm3_stm32f2.a(rcc.o)
 .text.rcc_osc_ready_int_disable
                0x0000000000000000       0x48 ../libopencm3/lib/libopencm3_stm32f2.a(rcc.o)
 .text.rcc_osc_ready_int_flag
                0x0000000000000000       0x44 ../libopencm3/lib/libopencm3_stm32f2.a(rcc.o)
 .text.rcc_css_int_clear
                0x0000000000000000       0x10 ../libopencm3/lib/libopencm3_stm32f2.a(rcc.o)
 .text.rcc_css_int_flag
                0x0000000000000000       0x10 ../libopencm3/lib/libopencm3_stm32f2.a(rcc.o)
 .text.rcc_wait_for_sysclk_status
                0x0000000000000000       0x38 ../libopencm3/lib/libopencm3_stm32f2.a(rcc.o)
 .text.rcc_osc_off
                0x0000000000000000       0x44 ../libopencm3/lib/libopencm3_stm32f2.a(rcc.o)
 .text.rcc_css_enable
                0x0000000000000000       0x10 ../libopencm3/lib/libopencm3_stm32f2.a(rcc.o)
 .text.rcc_css_disable
                0x0000000000000000       0x10 ../libopencm3/lib/libopencm3_stm32f2.a(rcc.o)
 .text.rcc_set_pll_source
                0x0000000000000000       0x14 ../libopencm3/lib/libopencm3_stm32f2.a(rcc.o)
 .text.rcc_set_rtcpre
                0x0000000000000000       0x14 ../libopencm3/lib/libopencm3_stm32f2.a(rcc.o)
 .text.rcc_set_main_pll_hsi
                0x0000000000000000       0x1c ../libopencm3/lib/libopencm3_stm32f2.a(rcc.o)
 .text.rcc_system_clock_source
                0x0000000000000000       0x10 ../libopencm3/lib/libopencm3_stm32f2.a(rcc.o)
 .text.rcc_backupdomain_reset
                0x0000000000000000       0x18 ../libopencm3/lib/libopencm3_stm32f2.a(rcc.o)
 .data.rcc_ahb_frequency
                0x0000000000000000        0x4 ../libopencm3/lib/libopencm3_stm32f2.a(rcc.o)
 .group         0x0000000000000000        0x8 ../libopencm3/lib/libopencm3_stm32f2.a(gpio_common_all.o)
 .group         0x0000000000000000        0x8 ../libopencm3/lib/libopencm3_stm32f2.a(gpio_common_all.o)
 .group         0x0000000000000000        0x8 ../libopencm3/lib/libopencm3_stm32f2.a(gpio_common_all.o)
 .group         0x0000000000000000        0x8 ../libopencm3/lib/libopencm3_stm32f2.a(gpio_common_all.o)
 .group         0x0000000000000000        0x8 ../libopencm3/lib/libopencm3_stm32f2.a(gpio_common_all.o)
 .group         0x0000000000000000        0x8 ../libopencm3/lib/libopencm3_stm32f2.a(gpio_common_all.o)
 .group         0x0000000000000000        0x8 ../libopencm3/lib/libopencm3_stm32f2.a(gpio_common_all.o)
 .group         0x0000000000000000        0x8 ../libopencm3/lib/libopencm3_stm32f2.a(gpio_common_all.o)
 .group         0x0000000000000000        0x8 ../libopencm3/lib/libopencm3_stm32f2.a(gpio_common_all.o)
 .group         0x0000000000000000        0x8 ../libopencm3/lib/libopencm3_stm32f2.a(gpio_common_all.o)
 .group         0x0000000000000000        0x8 ../libopencm3/lib/libopencm3_stm32f2.a(gpio_common_all.o)
 .group         0x0000000000000000        0x8 ../libopencm3/lib/libopencm3_stm32f2.a(gpio_common_all.o)
 .group         0x0000000000000000        0x8 ../libopencm3/lib/libopencm3_stm32f2.a(gpio_common_all.o)
 .group         0x0000000000000000        0x8 ../libopencm3/lib/libopencm3_stm32f2.a(gpio_common_all.o)
 .text          0x0000000000000000        0x0 ../libopencm3/lib/libopencm3_stm32f2.a(gpio_common_all.o)
 .data          0x0000000000000000        0x0 ../libopencm3/lib/libopencm3_stm32f2.a(gpio_common_all.o)
 .bss           0x0000000000000000        0x0 ../libopencm3/lib/libopencm3_stm32f2.a(gpio_common_all.o)
 .text.gpio_toggle
                0x0000000000000000       0x12 ../libopencm3/lib/libopencm3_stm32f2.a(gpio_common_all.o)
 .text.gpio_port_write
                0x0000000000000000        0x4 ../libopencm3/lib/libopencm3_stm32f2.a(gpio_common_all.o)
 .text.gpio_port_config_lock
                0x0000000000000000       0x10 ../libopencm3/lib/libopencm3_stm32f2.a(gpio_common_all.o)
 .debug_macro   0x0000000000000000      0x8aa ../libopencm3/lib/libopencm3_stm32f2.a(gpio_common_all.o)
 .debug_macro   0x0000000000000000       0x22 ../libopencm3/lib/libopencm3_stm32f2.a(gpio_common_all.o)
 .debug_macro   0x0000000000000000       0x4f ../libopencm3/lib/libopencm3_stm32f2.a(gpio_common_all.o)
 .debug_macro   0x0000000000000000       0x51 ../libopencm3/lib/libopencm3_stm32f2.a(gpio_common_all.o)
 .debug_macro   0x0000000000000000       0xef ../libopencm3/lib/libopencm3_stm32f2.a(gpio_common_all.o)
 .debug_macro   0x0000000000000000       0x6a ../libopencm3/lib/libopencm3_stm32f2.a(gpio_common_all.o)
 .debug_macro   0x0000000000000000      0x1df ../libopencm3/lib/libopencm3_stm32f2.a(gpio_common_all.o)
 .debug_macro   0x0000000000000000       0x22 ../libopencm3/lib/libopencm3_stm32f2.a(gpio_common_all.o)
 .debug_macro   0x0000000000000000       0xfa ../libopencm3/lib/libopencm3_stm32f2.a(gpio_common_all.o)
 .debug_macro   0x0000000000000000       0x58 ../libopencm3/lib/libopencm3_stm32f2.a(gpio_common_all.o)
 .debug_macro   0x0000000000000000      0x1c7 ../libopencm3/lib/libopencm3_stm32f2.a(gpio_common_all.o)
 .group         0x0000000000000000        0x8 ../libopencm3/lib/libopencm3_stm32f2.a(gpio_common_f0234.o)
 .group         0x0000000000000000        0x8 ../libopencm3/lib/libopencm3_stm32f2.a(gpio_common_f0234.o)
 .group         0x0000000000000000        0x8 ../libopencm3/lib/libopencm3_stm32f2.a(gpio_common_f0234.o)
 .group         0x0000000000000000        0x8 ../libopencm3/lib/libopencm3_stm32f2.a(gpio_common_f0234.o)
 .group         0x0000000000000000        0x8 ../libopencm3/lib/libopencm3_stm32f2.a(gpio_common_f0234.o)
 .group         0x0000000000000000        0x8 ../libopencm3/lib/libopencm3_stm32f2.a(gpio_common_f0234.o)
 .group         0x0000000000000000        0x8 ../libopencm3/lib/libopencm3_stm32f2.a(gpio_common_f0234.o)
 .group         0x0000000000000000        0x8 ../libopencm3/lib/libopencm3_stm32f2.a(gpio_common_f0234.o)
 .group         0x0000000000000000        0x8 ../libopencm3/lib/libopencm3_stm32f2.a(gpio_common_f0234.o)
 .group         0x0000000000000000        0x8 ../libopencm3/lib/libopencm3_stm32f2.a(gpio_common_f0234.o)
 .group         0x0000000000000000        0x8 ../libopencm3/lib/libopencm3_stm32f2.a(gpio_common_f0234.o)
 .group         0x0000000000000000        0x8 ../libopencm3/lib/libopencm3_stm32f2.a(gpio_common_f0234.o)
 .group         0x0000000000000000        0x8 ../libopencm3/lib/libopencm3_stm32f2.a(gpio_common_f0234.o)
 .group         0x0000000000000000        0x8 ../libopencm3/lib/libopencm3_stm32f2.a(gpio_common_f0234.o)
 .text          0x0000000000000000        0x0 ../libopencm3/lib/libopencm3_stm32f2.a(gpio_common_f0234.o)
 .data          0x0000000000000000        0x0 ../libopencm3/lib/libopencm3_stm32f2.a(gpio_common_f0234.o)
 .bss           0x0000000000000000        0x0 ../libopencm3/lib/libopencm3_stm32f2.a(gpio_common_f0234.o)
 .text.gpio_set_output_options
                0x0000000000000000       0x36 ../libopencm3/lib/libopencm3_stm32f2.a(gpio_common_f0234.o)
 .debug_macro   0x0000000000000000      0x8aa ../libopencm3/lib/libopencm3_stm32f2.a(gpio_common_f0234.o)
 .debug_macro   0x0000000000000000       0x22 ../libopencm3/lib/libopencm3_stm32f2.a(gpio_common_f0234.o)
 .debug_macro   0x0000000000000000       0x4f ../libopencm3/lib/libopencm3_stm32f2.a(gpio_common_f0234.o)
 .debug_macro   0x0000000000000000       0x51 ../libopencm3/lib/libopencm3_stm32f2.a(gpio_common_f0234.o)
 .debug_macro   0x0000000000000000       0xef ../libopencm3/lib/libopencm3_stm32f2.a(gpio_common_f0234.o)
 .debug_macro   0x0000000000000000       0x6a ../libopencm3/lib/libopencm3_stm32f2.a(gpio_common_f0234.o)
 .debug_macro   0x0000000000000000      0x1df ../libopencm3/lib/libopencm3_stm32f2.a(gpio_common_f0234.o)
 .debug_macro   0x0000000000000000       0x22 ../libopencm3/lib/libopencm3_stm32f2.a(gpio_common_f0234.o)
 .debug_macro   0x0000000000000000       0xfa ../libopencm3/lib/libopencm3_stm32f2.a(gpio_common_f0234.o)
 .debug_macro   0x0000000000000000       0x58 ../libopencm3/lib/libopencm3_stm32f2.a(gpio_common_f0234.o)
 .debug_macro   0x0000000000000000      0x1c7 ../libopencm3/lib/libopencm3_stm32f2.a(gpio_common_f0234.o)
 .debug_macro   0x0000000000000000       0x76 ../libopencm3/lib/libopencm3_stm32f2.a(gpio_common_f0234.o)
 .debug_macro   0x0000000000000000      0x2e6 ../libopencm3/lib/libopencm3_stm32f2.a(gpio_common_f0234.o)
 .debug_macro   0x0000000000000000      0x14e ../libopencm3/lib/libopencm3_stm32f2.a(gpio_common_f0234.o)
 .group         0x0000000000000000        0x8 ../libopencm3/lib/libopencm3_stm32f2.a(spi_common_all.o)
 .group         0x0000000000000000        0x8 ../libopencm3/lib/libopencm3_stm32f2.a(spi_common_all.o)
 .group         0x0000000000000000        0x8 ../libopencm3/lib/libopencm3_stm32f2.a(spi_common_all.o)
 .group         0x0000000000000000        0x8 ../libopencm3/lib/libopencm3_stm32f2.a(spi_common_all.o)
 .group         0x0000000000000000        0x8 ../libopencm3/lib/libopencm3_stm32f2.a(spi_common_all.o)
 .group         0x0000000000000000        0x8 ../libopencm3/lib/libopencm3_stm32f2.a(spi_common_all.o)
 .group         0x0000000000000000        0x8 ../libopencm3/lib/libopencm3_stm32f2.a(spi_common_all.o)
 .group         0x0000000000000000        0x8 ../libopencm3/lib/libopencm3_stm32f2.a(spi_common_all.o)
 .group         0x0000000000000000        0x8 ../libopencm3/lib/libopencm3_stm32f2.a(spi_common_all.o)
 .group         0x0000000000000000        0x8 ../libopencm3/lib/libopencm3_stm32f2.a(spi_common_all.o)
 .group         0x0000000000000000        0x8 ../libopencm3/lib/libopencm3_stm32f2.a(spi_common_all.o)
 .group         0x0000000000000000        0x8 ../libopencm3/lib/libopencm3_stm32f2.a(spi_common_all.o)
 .group         0x0000000000000000        0x8 ../libopencm3/lib/libopencm3_stm32f2.a(spi_common_all.o)
 .group         0x0000000000000000        0x8 ../libopencm3/lib/libopencm3_stm32f2.a(spi_common_all.o)
 .group         0x0000000000000000        0x8 ../libopencm3/lib/libopencm3_stm32f2.a(spi_common_all.o)
 .text          0x0000000000000000        0x0 ../libopencm3/lib/libopencm3_stm32f2.a(spi_common_all.o)
 .data          0x0000000000000000        0x0 ../libopencm3/lib/libopencm3_stm32f2.a(spi_common_all.o)
 .bss           0x0000000000000000        0x0 ../libopencm3/lib/libopencm3_stm32f2.a(spi_common_all.o)
 .text.spi_reset
                0x0000000000000000       0x30 ../libopencm3/lib/libopencm3_stm32f2.a(spi_common_all.o)
 .text.spi_disable
                0x0000000000000000        0xa ../libopencm3/lib/libopencm3_stm32f2.a(spi_common_all.o)
 .text.spi_clean_disable
                0x0000000000000000       0x26 ../libopencm3/lib/libopencm3_stm32f2.a(spi_common_all.o)
 .text.spi_write
                0x0000000000000000        0x4 ../libopencm3/lib/libopencm3_stm32f2.a(spi_common_all.o)
 .text.spi_read
                0x0000000000000000        0xc ../libopencm3/lib/libopencm3_stm32f2.a(spi_common_all.o)
 .text.spi_xfer
                0x0000000000000000        0xe ../libopencm3/lib/libopencm3_stm32f2.a(spi_common_all.o)
 .text.spi_set_bidirectional_mode
                0x0000000000000000        0xa ../libopencm3/lib/libopencm3_stm32f2.a(spi_common_all.o)
 .text.spi_set_unidirectional_mode
                0x0000000000000000        0xa ../libopencm3/lib/libopencm3_stm32f2.a(spi_common_all.o)
 .text.spi_set_bidirectional_receive_only_mode
                0x0000000000000000       0x12 ../libopencm3/lib/libopencm3_stm32f2.a(spi_common_all.o)
 .text.spi_set_bidirectional_transmit_only_mode
                0x0000000000000000       0x12 ../libopencm3/lib/libopencm3_stm32f2.a(spi_common_all.o)
 .text.spi_enable_crc
                0x0000000000000000        0xa ../libopencm3/lib/libopencm3_stm32f2.a(spi_common_all.o)
 .text.spi_disable_crc
                0x0000000000000000        0xa ../libopencm3/lib/libopencm3_stm32f2.a(spi_common_all.o)
 .text.spi_set_next_tx_from_buffer
                0x0000000000000000        0xa ../libopencm3/lib/libopencm3_stm32f2.a(spi_common_all.o)
 .text.spi_set_next_tx_from_crc
                0x0000000000000000        0xa ../libopencm3/lib/libopencm3_stm32f2.a(spi_common_all.o)
 .text.spi_set_full_duplex_mode
                0x0000000000000000        0xa ../libopencm3/lib/libopencm3_stm32f2.a(spi_common_all.o)
 .text.spi_set_receive_only_mode
                0x0000000000000000        0xa ../libopencm3/lib/libopencm3_stm32f2.a(spi_common_all.o)
 .text.spi_disable_software_slave_management
                0x0000000000000000        0xa ../libopencm3/lib/libopencm3_stm32f2.a(spi_common_all.o)
 .text.spi_enable_software_slave_management
                0x0000000000000000       0x12 ../libopencm3/lib/libopencm3_stm32f2.a(spi_common_all.o)
 .text.spi_set_nss_high
                0x0000000000000000        0xa ../libopencm3/lib/libopencm3_stm32f2.a(spi_common_all.o)
 .text.spi_set_nss_low
                0x0000000000000000        0xa ../libopencm3/lib/libopencm3_stm32f2.a(spi_common_all.o)
 .text.spi_send_lsb_first
                0x0000000000000000        0xa ../libopencm3/lib/libopencm3_stm32f2.a(spi_common_all.o)
 .text.spi_send_msb_first
                0x0000000000000000        0xa ../libopencm3/lib/libopencm3_stm32f2.a(spi_common_all.o)
 .text.spi_set_baudrate_prescaler
                0x0000000000000000       0x16 ../libopencm3/lib/libopencm3_stm32f2.a(spi_common_all.o)
 .text.spi_set_master_mode
                0x0000000000000000        0xa ../libopencm3/lib/libopencm3_stm32f2.a(spi_common_all.o)
 .text.spi_set_slave_mode
                0x0000000000000000        0xa ../libopencm3/lib/libopencm3_stm32f2.a(spi_common_all.o)
 .text.spi_set_clock_polarity_1
                0x0000000000000000        0xa ../libopencm3/lib/libopencm3_stm32f2.a(spi_common_all.o)
 .text.spi_set_clock_polarity_0
                0x0000000000000000        0xa ../libopencm3/lib/libopencm3_stm32f2.a(spi_common_all.o)
 .text.spi_set_clock_phase_1
                0x0000000000000000        0xa ../libopencm3/lib/libopencm3_stm32f2.a(spi_common_all.o)
 .text.spi_set_clock_phase_0
                0x0000000000000000        0xa ../libopencm3/lib/libopencm3_stm32f2.a(spi_common_all.o)
 .text.spi_enable_tx_buffer_empty_interrupt
                0x0000000000000000        0xa ../libopencm3/lib/libopencm3_stm32f2.a(spi_common_all.o)
 .text.spi_disable_tx_buffer_empty_interrupt
                0x0000000000000000        0xa ../libopencm3/lib/libopencm3_stm32f2.a(spi_common_all.o)
 .text.spi_enable_rx_buffer_not_empty_interrupt
                0x0000000000000000        0xa ../libopencm3/lib/libopencm3_stm32f2.a(spi_common_all.o)
 .text.spi_disable_rx_buffer_not_empty_interrupt
                0x0000000000000000        0xa ../libopencm3/lib/libopencm3_stm32f2.a(spi_common_all.o)
 .text.spi_enable_error_interrupt
                0x0000000000000000        0xa ../libopencm3/lib/libopencm3_stm32f2.a(spi_common_all.o)
 .text.spi_disable_error_interrupt
                0x0000000000000000        0xa ../libopencm3/lib/libopencm3_stm32f2.a(spi_common_all.o)
 .text.spi_disable_ss_output
                0x0000000000000000        0xa ../libopencm3/lib/libopencm3_stm32f2.a(spi_common_all.o)
 .text.spi_enable_tx_dma
                0x0000000000000000        0xa ../libopencm3/lib/libopencm3_stm32f2.a(spi_common_all.o)
 .text.spi_disable_tx_dma
                0x0000000000000000        0xa ../libopencm3/lib/libopencm3_stm32f2.a(spi_common_all.o)
 .text.spi_enable_rx_dma
                0x0000000000000000        0xa ../libopencm3/lib/libopencm3_stm32f2.a(spi_common_all.o)
 .text.spi_disable_rx_dma
                0x0000000000000000        0xa ../libopencm3/lib/libopencm3_stm32f2.a(spi_common_all.o)
 .text.spi_set_standard_mode
                0x0000000000000000       0x10 ../libopencm3/lib/libopencm3_stm32f2.a(spi_common_all.o)
 .debug_macro   0x0000000000000000      0x8aa ../libopencm3/lib/libopencm3_stm32f2.a(spi_common_all.o)
 .debug_macro   0x0000000000000000       0x22 ../libopencm3/lib/libopencm3_stm32f2.a(spi_common_all.o)
 .debug_macro   0x0000000000000000       0x4f ../libopencm3/lib/libopencm3_stm32f2.a(spi_common_all.o)
 .debug_macro   0x0000000000000000       0x51 ../libopencm3/lib/libopencm3_stm32f2.a(spi_common_all.o)
 .debug_macro   0x0000000000000000       0xef ../libopencm3/lib/libopencm3_stm32f2.a(spi_common_all.o)
 .debug_macro   0x0000000000000000       0x6a ../libopencm3/lib/libopencm3_stm32f2.a(spi_common_all.o)
 .debug_macro   0x0000000000000000      0x1df ../libopencm3/lib/libopencm3_stm32f2.a(spi_common_all.o)
 .debug_macro   0x0000000000000000       0x22 ../libopencm3/lib/libopencm3_stm32f2.a(spi_common_all.o)
 .debug_macro   0x0000000000000000       0xfa ../libopencm3/lib/libopencm3_stm32f2.a(spi_common_all.o)
 .debug_macro   0x0000000000000000       0x58 ../libopencm3/lib/libopencm3_stm32f2.a(spi_common_all.o)
 .debug_macro   0x0000000000000000      0x1c7 ../libopencm3/lib/libopencm3_stm32f2.a(spi_common_all.o)
 .debug_macro   0x0000000000000000      0x852 ../libopencm3/lib/libopencm3_stm32f2.a(spi_common_all.o)
 .group         0x0000000000000000        0x8 ../libopencm3/lib/libopencm3_stm32f2.a(spi_common_l1f124.o)
 .group         0x0000000000000000        0x8 ../libopencm3/lib/libopencm3_stm32f2.a(spi_common_l1f124.o)
 .group         0x0000000000000000        0x8 ../libopencm3/lib/libopencm3_stm32f2.a(spi_common_l1f124.o)
 .group         0x0000000000000000        0x8 ../libopencm3/lib/libopencm3_stm32f2.a(spi_common_l1f124.o)
 .group         0x0000000000000000        0x8 ../libopencm3/lib/libopencm3_stm32f2.a(spi_common_l1f124.o)
 .group         0x0000000000000000        0x8 ../libopencm3/lib/libopencm3_stm32f2.a(spi_common_l1f124.o)
 .group         0x0000000000000000        0x8 ../libopencm3/lib/libopencm3_stm32f2.a(spi_common_l1f124.o)
 .group         0x0000000000000000        0x8 ../libopencm3/lib/libopencm3_stm32f2.a(spi_common_l1f124.o)
 .group         0x0000000000000000        0x8 ../libopencm3/lib/libopencm3_stm32f2.a(spi_common_l1f124.o)
 .group         0x0000000000000000        0x8 ../libopencm3/lib/libopencm3_stm32f2.a(spi_common_l1f124.o)
 .group         0x0000000000000000        0x8 ../libopencm3/lib/libopencm3_stm32f2.a(spi_common_l1f124.o)
 .group         0x0000000000000000        0x8 ../libopencm3/lib/libopencm3_stm32f2.a(spi_common_l1f124.o)
 .group         0x0000000000000000        0x8 ../libopencm3/lib/libopencm3_stm32f2.a(spi_common_l1f124.o)
 .group         0x0000000000000000        0x8 ../libopencm3/lib/libopencm3_stm32f2.a(spi_common_l1f124.o)
 .group         0x0000000000000000        0x8 ../libopencm3/lib/libopencm3_stm32f2.a(spi_common_l1f124.o)
 .text          0x0000000000000000        0x0 ../libopencm3/lib/libopencm3_stm32f2.a(spi_common_l1f124.o)
 .data          0x0000000000000000        0x0 ../libopencm3/lib/libopencm3_stm32f2.a(spi_common_l1f124.o)
 .bss           0x0000000000000000        0x0 ../libopencm3/lib/libopencm3_stm32f2.a(spi_common_l1f124.o)
 .text.spi_set_dff_8bit
                0x0000000000000000        0xa ../libopencm3/lib/libopencm3_stm32f2.a(spi_common_l1f124.o)
 .text.spi_set_dff_16bit
                0x0000000000000000        0xa ../libopencm3/lib/libopencm3_stm32f2.a(spi_common_l1f124.o)
 .debug_macro   0x0000000000000000      0x8aa ../libopencm3/lib/libopencm3_stm32f2.a(spi_common_l1f124.o)
 .debug_macro   0x0000000000000000       0x22 ../libopencm3/lib/libopencm3_stm32f2.a(spi_common_l1f124.o)
 .debug_macro   0x0000000000000000       0x4f ../libopencm3/lib/libopencm3_stm32f2.a(spi_common_l1f124.o)
 .debug_macro   0x0000000000000000       0x51 ../libopencm3/lib/libopencm3_stm32f2.a(spi_common_l1f124.o)
 .debug_macro   0x0000000000000000       0xef ../libopencm3/lib/libopencm3_stm32f2.a(spi_common_l1f124.o)
 .debug_macro   0x0000000000000000       0x6a ../libopencm3/lib/libopencm3_stm32f2.a(spi_common_l1f124.o)
 .debug_macro   0x0000000000000000      0x1df ../libopencm3/lib/libopencm3_stm32f2.a(spi_common_l1f124.o)
 .debug_macro   0x0000000000000000       0x22 ../libopencm3/lib/libopencm3_stm32f2.a(spi_common_l1f124.o)
 .debug_macro   0x0000000000000000       0xfa ../libopencm3/lib/libopencm3_stm32f2.a(spi_common_l1f124.o)
 .debug_macro   0x0000000000000000       0x58 ../libopencm3/lib/libopencm3_stm32f2.a(spi_common_l1f124.o)
 .debug_macro   0x0000000000000000      0x1c7 ../libopencm3/lib/libopencm3_stm32f2.a(spi_common_l1f124.o)
 .debug_macro   0x0000000000000000      0x2eb ../libopencm3/lib/libopencm3_stm32f2.a(spi_common_l1f124.o)
 .debug_macro   0x0000000000000000       0x16 ../libopencm3/lib/libopencm3_stm32f2.a(spi_common_l1f124.o)
 .debug_macro   0x0000000000000000       0x1c ../libopencm3/lib/libopencm3_stm32f2.a(spi_common_l1f124.o)
 .debug_macro   0x0000000000000000      0x852 ../libopencm3/lib/libopencm3_stm32f2.a(spi_common_l1f124.o)
 .group         0x0000000000000000        0x8 ../libopencm3/lib/libopencm3_stm32f2.a(flash_common_f234.o)
 .group         0x0000000000000000        0x8 ../libopencm3/lib/libopencm3_stm32f2.a(flash_common_f234.o)
 .group         0x0000000000000000        0x8 ../libopencm3/lib/libopencm3_stm32f2.a(flash_common_f234.o)
 .group         0x0000000000000000        0x8 ../libopencm3/lib/libopencm3_stm32f2.a(flash_common_f234.o)
 .group         0x0000000000000000        0x8 ../libopencm3/lib/libopencm3_stm32f2.a(flash_common_f234.o)
 .group         0x0000000000000000        0x8 ../libopencm3/lib/libopencm3_stm32f2.a(flash_common_f234.o)
 .group         0x0000000000000000        0x8 ../libopencm3/lib/libopencm3_stm32f2.a(flash_common_f234.o)
 .group         0x0000000000000000        0x8 ../libopencm3/lib/libopencm3_stm32f2.a(flash_common_f234.o)
 .group         0x0000000000000000        0x8 ../libopencm3/lib/libopencm3_stm32f2.a(flash_common_f234.o)
 .group         0x0000000000000000        0x8 ../libopencm3/lib/libopencm3_stm32f2.a(flash_common_f234.o)
 .group         0x0000000000000000        0x8 ../libopencm3/lib/libopencm3_stm32f2.a(flash_common_f234.o)
 .group         0x0000000000000000        0x8 ../libopencm3/lib/libopencm3_stm32f2.a(flash_common_f234.o)
 .group         0x0000000000000000        0x8 ../libopencm3/lib/libopencm3_stm32f2.a(flash_common_f234.o)
 .text          0x0000000000000000        0x0 ../libopencm3/lib/libopencm3_stm32f2.a(flash_common_f234.o)
 .data          0x0000000000000000        0x0 ../libopencm3/lib/libopencm3_stm32f2.a(flash_common_f234.o)
 .bss           0x0000000000000000        0x0 ../libopencm3/lib/libopencm3_stm32f2.a(flash_common_f234.o)
 .text.flash_unlock
                0x0000000000000000       0x24 ../libopencm3/lib/libopencm3_stm32f2.a(flash_common_f234.o)
 .text.flash_lock
                0x0000000000000000       0x10 ../libopencm3/lib/libopencm3_stm32f2.a(flash_common_f234.o)
 .text.flash_clear_pgperr_flag
                0x0000000000000000       0x10 ../libopencm3/lib/libopencm3_stm32f2.a(flash_common_f234.o)
 .text.flash_clear_eop_flag
                0x0000000000000000       0x10 ../libopencm3/lib/libopencm3_stm32f2.a(flash_common_f234.o)
 .text.flash_clear_bsy_flag
                0x0000000000000000       0x10 ../libopencm3/lib/libopencm3_stm32f2.a(flash_common_f234.o)
 .text.flash_wait_for_last_operation
                0x0000000000000000       0x10 ../libopencm3/lib/libopencm3_stm32f2.a(flash_common_f234.o)
 .debug_macro   0x0000000000000000      0x8aa ../libopencm3/lib/libopencm3_stm32f2.a(flash_common_f234.o)
 .debug_macro   0x0000000000000000       0x22 ../libopencm3/lib/libopencm3_stm32f2.a(flash_common_f234.o)
 .debug_macro   0x0000000000000000       0x4f ../libopencm3/lib/libopencm3_stm32f2.a(flash_common_f234.o)
 .debug_macro   0x0000000000000000       0x51 ../libopencm3/lib/libopencm3_stm32f2.a(flash_common_f234.o)
 .debug_macro   0x0000000000000000       0xef ../libopencm3/lib/libopencm3_stm32f2.a(flash_common_f234.o)
 .debug_macro   0x0000000000000000       0x6a ../libopencm3/lib/libopencm3_stm32f2.a(flash_common_f234.o)
 .debug_macro   0x0000000000000000      0x1df ../libopencm3/lib/libopencm3_stm32f2.a(flash_common_f234.o)
 .debug_macro   0x0000000000000000       0x22 ../libopencm3/lib/libopencm3_stm32f2.a(flash_common_f234.o)
 .debug_macro   0x0000000000000000       0xfa ../libopencm3/lib/libopencm3_stm32f2.a(flash_common_f234.o)
 .debug_macro   0x0000000000000000       0x58 ../libopencm3/lib/libopencm3_stm32f2.a(flash_common_f234.o)
 .debug_macro   0x0000000000000000      0x1c7 ../libopencm3/lib/libopencm3_stm32f2.a(flash_common_f234.o)
 .debug_macro   0x0000000000000000       0x6a ../libopencm3/lib/libopencm3_stm32f2.a(flash_common_f234.o)
 .debug_macro   0x0000000000000000       0xf4 ../libopencm3/lib/libopencm3_stm32f2.a(flash_common_f234.o)
 .group         0x0000000000000000        0x8 ../libopencm3/lib/libopencm3_stm32f2.a(rcc_common_all.o)
 .group         0x0000000000000000        0x8 ../libopencm3/lib/libopencm3_stm32f2.a(rcc_common_all.o)
 .group         0x0000000000000000        0x8 ../libopencm3/lib/libopencm3_stm32f2.a(rcc_common_all.o)
 .group         0x0000000000000000        0x8 ../libopencm3/lib/libopencm3_stm32f2.a(rcc_common_all.o)
 .group         0x0000000000000000        0x8 ../libopencm3/lib/libopencm3_stm32f2.a(rcc_common_all.o)
 .group         0x0000000000000000        0x8 ../libopencm3/lib/libopencm3_stm32f2.a(rcc_common_all.o)
 .group         0x0000000000000000        0x8 ../libopencm3/lib/libopencm3_stm32f2.a(rcc_common_all.o)
 .group         0x0000000000000000        0x8 ../libopencm3/lib/libopencm3_stm32f2.a(rcc_common_all.o)
 .group         0x0000000000000000        0x8 ../libopencm3/lib/libopencm3_stm32f2.a(rcc_common_all.o)
 .group         0x0000000000000000        0x8 ../libopencm3/lib/libopencm3_stm32f2.a(rcc_common_all.o)
 .group         0x0000000000000000        0x8 ../libopencm3/lib/libopencm3_stm32f2.a(rcc_common_all.o)
 .group         0x0000000000000000        0x8 ../libopencm3/lib/libopencm3_stm32f2.a(rcc_common_all.o)
 .text          0x0000000000000000        0x0 ../libopencm3/lib/libopencm3_stm32f2.a(rcc_common_all.o)
 .data          0x0000000000000000        0x0 ../libopencm3/lib/libopencm3_stm32f2.a(rcc_common_all.o)
 .bss           0x0000000000000000        0x0 ../libopencm3/lib/libopencm3_stm32f2.a(rcc_common_all.o)
 .text.rcc_peripheral_enable_clock
                0x0000000000000000        0x8 ../libopencm3/lib/libopencm3_stm32f2.a(rcc_common_all.o)
 .text.rcc_peripheral_disable_clock
                0x0000000000000000        0xa ../libopencm3/lib/libopencm3_stm32f2.a(rcc_common_all.o)
 .text.rcc_peripheral_reset
                0x0000000000000000        0x8 ../libopencm3/lib/libopencm3_stm32f2.a(rcc_common_all.o)
 .text.rcc_peripheral_clear_reset
                0x0000000000000000        0xa ../libopencm3/lib/libopencm3_stm32f2.a(rcc_common_all.o)
 .text.rcc_periph_clock_disable
                0x0000000000000000       0x1e ../libopencm3/lib/libopencm3_stm32f2.a(rcc_common_all.o)
 .text.rcc_periph_reset_pulse
                0x0000000000000000       0x22 ../libopencm3/lib/libopencm3_stm32f2.a(rcc_common_all.o)
 .text.rcc_periph_reset_hold
                0x0000000000000000       0x1a ../libopencm3/lib/libopencm3_stm32f2.a(rcc_common_all.o)
 .text.rcc_periph_reset_release
                0x0000000000000000       0x1e ../libopencm3/lib/libopencm3_stm32f2.a(rcc_common_all.o)
 .text.rcc_set_mco
                0x0000000000000000       0x14 ../libopencm3/lib/libopencm3_stm32f2.a(rcc_common_all.o)
 .text.rcc_osc_bypass_enable
                0x0000000000000000       0x28 ../libopencm3/lib/libopencm3_stm32f2.a(rcc_common_all.o)
 .text.rcc_osc_bypass_disable
                0x0000000000000000       0x28 ../libopencm3/lib/libopencm3_stm32f2.a(rcc_common_all.o)
 .debug_macro   0x0000000000000000      0x8aa ../libopencm3/lib/libopencm3_stm32f2.a(rcc_common_all.o)
 .debug_macro   0x0000000000000000       0x22 ../libopencm3/lib/libopencm3_stm32f2.a(rcc_common_all.o)
 .debug_macro   0x0000000000000000       0x4f ../libopencm3/lib/libopencm3_stm32f2.a(rcc_common_all.o)
 .debug_macro   0x0000000000000000       0x51 ../libopencm3/lib/libopencm3_stm32f2.a(rcc_common_all.o)
 .debug_macro   0x0000000000000000       0xef ../libopencm3/lib/libopencm3_stm32f2.a(rcc_common_all.o)
 .debug_macro   0x0000000000000000       0x6a ../libopencm3/lib/libopencm3_stm32f2.a(rcc_common_all.o)
 .debug_macro   0x0000000000000000      0x1df ../libopencm3/lib/libopencm3_stm32f2.a(rcc_common_all.o)
 .debug_macro   0x0000000000000000       0x22 ../libopencm3/lib/libopencm3_stm32f2.a(rcc_common_all.o)
 .debug_macro   0x0000000000000000       0xfa ../libopencm3/lib/libopencm3_stm32f2.a(rcc_common_all.o)
 .debug_macro   0x0000000000000000       0x58 ../libopencm3/lib/libopencm3_stm32f2.a(rcc_common_all.o)
 .debug_macro   0x0000000000000000      0x1c7 ../libopencm3/lib/libopencm3_stm32f2.a(rcc_common_all.o)
 .debug_macro   0x0000000000000000      0x852 ../libopencm3/lib/libopencm3_stm32f2.a(rcc_common_all.o)
 .group         0x0000000000000000        0x8 ../libopencm3/lib/libopencm3_stm32f2.a(vector.o)
 .group         0x0000000000000000        0x8 ../libopencm3/lib/libopencm3_stm32f2.a(vector.o)
 .group         0x0000000000000000        0x8 ../libopencm3/lib/libopencm3_stm32f2.a(vector.o)
 .group         0x0000000000000000        0x8 ../libopencm3/lib/libopencm3_stm32f2.a(vector.o)
 .group         0x0000000000000000        0x8 ../libopencm3/lib/libopencm3_stm32f2.a(vector.o)
 .group         0x0000000000000000        0x8 ../libopencm3/lib/libopencm3_stm32f2.a(vector.o)
 .group         0x0000000000000000        0x8 ../libopencm3/lib/libopencm3_stm32f2.a(vector.o)
 .group         0x0000000000000000        0x8 ../libopencm3/lib/libopencm3_stm32f2.a(vector.o)
 .group         0x0000000000000000        0x8 ../libopencm3/lib/libopencm3_stm32f2.a(vector.o)
 .group         0x0000000000000000        0x8 ../libopencm3/lib/libopencm3_stm32f2.a(vector.o)
 .group         0x0000000000000000        0x8 ../libopencm3/lib/libopencm3_stm32f2.a(vector.o)
 .group         0x0000000000000000        0x8 ../libopencm3/lib/libopencm3_stm32f2.a(vector.o)
 .group         0x0000000000000000        0x8 ../libopencm3/lib/libopencm3_stm32f2.a(vector.o)
 .text          0x0000000000000000        0x0 ../libopencm3/lib/libopencm3_stm32f2.a(vector.o)
 .data          0x0000000000000000        0x0 ../libopencm3/lib/libopencm3_stm32f2.a(vector.o)
 .bss           0x0000000000000000        0x0 ../libopencm3/lib/libopencm3_stm32f2.a(vector.o)
 .debug_macro   0x0000000000000000      0x8aa ../libopencm3/lib/libopencm3_stm32f2.a(vector.o)
 .debug_macro   0x0000000000000000       0x58 ../libopencm3/lib/libopencm3_stm32f2.a(vector.o)
 .debug_macro   0x0000000000000000       0x22 ../libopencm3/lib/libopencm3_stm32f2.a(vector.o)
 .debug_macro   0x0000000000000000       0x4f ../libopencm3/lib/libopencm3_stm32f2.a(vector.o)
 .debug_macro   0x0000000000000000       0x51 ../libopencm3/lib/libopencm3_stm32f2.a(vector.o)
 .debug_macro   0x0000000000000000       0xef ../libopencm3/lib/libopencm3_stm32f2.a(vector.o)
 .debug_macro   0x0000000000000000       0x6a ../libopencm3/lib/libopencm3_stm32f2.a(vector.o)
 .debug_macro   0x0000000000000000      0x1df ../libopencm3/lib/libopencm3_stm32f2.a(vector.o)
 .debug_macro   0x0000000000000000       0x22 ../libopencm3/lib/libopencm3_stm32f2.a(vector.o)
 .debug_macro   0x0000000000000000       0xfa ../libopencm3/lib/libopencm3_stm32f2.a(vector.o)
 .group         0x0000000000000000        0x8 ../libopencm3/lib/libopencm3_stm32f2.a(scb.o)
 .group         0x0000000000000000        0x8 ../libopencm3/lib/libopencm3_stm32f2.a(scb.o)
 .group         0x0000000000000000        0x8 ../libopencm3/lib/libopencm3_stm32f2.a(scb.o)
 .group         0x0000000000000000        0x8 ../libopencm3/lib/libopencm3_stm32f2.a(scb.o)
 .group         0x0000000000000000        0x8 ../libopencm3/lib/libopencm3_stm32f2.a(scb.o)
 .group         0x0000000000000000        0x8 ../libopencm3/lib/libopencm3_stm32f2.a(scb.o)
 .group         0x0000000000000000        0x8 ../libopencm3/lib/libopencm3_stm32f2.a(scb.o)
 .group         0x0000000000000000        0x8 ../libopencm3/lib/libopencm3_stm32f2.a(scb.o)
 .group         0x0000000000000000        0x8 ../libopencm3/lib/libopencm3_stm32f2.a(scb.o)
 .group         0x0000000000000000        0x8 ../libopencm3/lib/libopencm3_stm32f2.a(scb.o)
 .group         0x0000000000000000        0x8 ../libopencm3/lib/libopencm3_stm32f2.a(scb.o)
 .group         0x0000000000000000        0x8 ../libopencm3/lib/libopencm3_stm32f2.a(scb.o)
 .group         0x0000000000000000        0x8 ../libopencm3/lib/libopencm3_stm32f2.a(scb.o)
 .group         0x0000000000000000        0x8 ../libopencm3/lib/libopencm3_stm32f2.a(scb.o)
 .group         0x0000000000000000        0x8 ../libopencm3/lib/libopencm3_stm32f2.a(scb.o)
 .group         0x0000000000000000        0x8 ../libopencm3/lib/libopencm3_stm32f2.a(scb.o)
 .group         0x0000000000000000        0x8 ../libopencm3/lib/libopencm3_stm32f2.a(scb.o)
 .group         0x0000000000000000        0x8 ../libopencm3/lib/libopencm3_stm32f2.a(scb.o)
 .group         0x0000000000000000        0x8 ../libopencm3/lib/libopencm3_stm32f2.a(scb.o)
 .group         0x0000000000000000        0x8 ../libopencm3/lib/libopencm3_stm32f2.a(scb.o)
 .group         0x0000000000000000        0x8 ../libopencm3/lib/libopencm3_stm32f2.a(scb.o)
 .group         0x0000000000000000        0x8 ../libopencm3/lib/libopencm3_stm32f2.a(scb.o)
 .group         0x0000000000000000        0x8 ../libopencm3/lib/libopencm3_stm32f2.a(scb.o)
 .group         0x0000000000000000        0x8 ../libopencm3/lib/libopencm3_stm32f2.a(scb.o)
 .text          0x0000000000000000        0x0 ../libopencm3/lib/libopencm3_stm32f2.a(scb.o)
 .data          0x0000000000000000        0x0 ../libopencm3/lib/libopencm3_stm32f2.a(scb.o)
 .bss           0x0000000000000000        0x0 ../libopencm3/lib/libopencm3_stm32f2.a(scb.o)
 .text.scb_reset_core
                0x0000000000000000       0x10 ../libopencm3/lib/libopencm3_stm32f2.a(scb.o)
 .text.scb_reset_system
                0x0000000000000000       0x10 ../libopencm3/lib/libopencm3_stm32f2.a(scb.o)
 .text.scb_set_priority_grouping
                0x0000000000000000       0x14 ../libopencm3/lib/libopencm3_stm32f2.a(scb.o)
 .debug_info    0x0000000000000000      0x8f6 ../libopencm3/lib/libopencm3_stm32f2.a(scb.o)
 .debug_abbrev  0x0000000000000000      0x1c5 ../libopencm3/lib/libopencm3_stm32f2.a(scb.o)
 .debug_loc     0x0000000000000000       0x21 ../libopencm3/lib/libopencm3_stm32f2.a(scb.o)
 .debug_aranges
                0x0000000000000000       0x30 ../libopencm3/lib/libopencm3_stm32f2.a(scb.o)
 .debug_ranges  0x0000000000000000       0x20 ../libopencm3/lib/libopencm3_stm32f2.a(scb.o)
 .debug_macro   0x0000000000000000      0x149 ../libopencm3/lib/libopencm3_stm32f2.a(scb.o)
 .debug_macro   0x0000000000000000      0x8aa ../libopencm3/lib/libopencm3_stm32f2.a(scb.o)
 .debug_macro   0x0000000000000000       0x22 ../libopencm3/lib/libopencm3_stm32f2.a(scb.o)
 .debug_macro   0x0000000000000000       0x52 ../libopencm3/lib/libopencm3_stm32f2.a(scb.o)
 .debug_macro   0x0000000000000000       0x55 ../libopencm3/lib/libopencm3_stm32f2.a(scb.o)
 .debug_macro   0x0000000000000000       0x35 ../libopencm3/lib/libopencm3_stm32f2.a(scb.o)
 .debug_macro   0x0000000000000000       0x9c ../libopencm3/lib/libopencm3_stm32f2.a(scb.o)
 .debug_macro   0x0000000000000000       0x16 ../libopencm3/lib/libopencm3_stm32f2.a(scb.o)
 .debug_macro   0x0000000000000000      0x10e ../libopencm3/lib/libopencm3_stm32f2.a(scb.o)
 .debug_macro   0x0000000000000000       0x86 ../libopencm3/lib/libopencm3_stm32f2.a(scb.o)
 .debug_macro   0x0000000000000000       0x57 ../libopencm3/lib/libopencm3_stm32f2.a(scb.o)
 .debug_macro   0x0000000000000000       0x58 ../libopencm3/lib/libopencm3_stm32f2.a(scb.o)
 .debug_macro   0x0000000000000000       0x1f ../libopencm3/lib/libopencm3_stm32f2.a(scb.o)
 .debug_macro   0x0000000000000000       0x43 ../libopencm3/lib/libopencm3_stm32f2.a(scb.o)
 .debug_macro   0x0000000000000000       0x20 ../libopencm3/lib/libopencm3_stm32f2.a(scb.o)
 .debug_macro   0x0000000000000000      0x187 ../libopencm3/lib/libopencm3_stm32f2.a(scb.o)
 .debug_macro   0x0000000000000000      0x353 ../libopencm3/lib/libopencm3_stm32f2.a(scb.o)
 .debug_macro   0x0000000000000000       0x22 ../libopencm3/lib/libopencm3_stm32f2.a(scb.o)
 .debug_macro   0x0000000000000000       0x58 ../libopencm3/lib/libopencm3_stm32f2.a(scb.o)
 .debug_macro   0x0000000000000000       0xef ../libopencm3/lib/libopencm3_stm32f2.a(scb.o)
 .debug_macro   0x0000000000000000       0x6a ../libopencm3/lib/libopencm3_stm32f2.a(scb.o)
 .debug_macro   0x0000000000000000      0x1df ../libopencm3/lib/libopencm3_stm32f2.a(scb.o)
 .debug_macro   0x0000000000000000       0x22 ../libopencm3/lib/libopencm3_stm32f2.a(scb.o)
 .debug_macro   0x0000000000000000       0xfa ../libopencm3/lib/libopencm3_stm32f2.a(scb.o)
 .debug_macro   0x0000000000000000      0x3a1 ../libopencm3/lib/libopencm3_stm32f2.a(scb.o)
 .debug_line    0x0000000000000000      0x2ff ../libopencm3/lib/libopencm3_stm32f2.a(scb.o)
 .debug_str     0x0000000000000000     0x7b58 ../libopencm3/lib/libopencm3_stm32f2.a(scb.o)
 .comment       0x0000000000000000       0x80 ../libopencm3/lib/libopencm3_stm32f2.a(scb.o)
 .debug_frame   0x0000000000000000       0x40 ../libopencm3/lib/libopencm3_stm32f2.a(scb.o)
 .ARM.attributes
                0x0000000000000000       0x33 ../libopencm3/lib/libopencm3_stm32f2.a(scb.o)
 .group         0x0000000000000000        0x8 ../libopencm3/lib/libopencm3_stm32f2.a(assert.o)
 .group         0x0000000000000000        0x8 ../libopencm3/lib/libopencm3_stm32f2.a(assert.o)
 .group         0x0000000000000000        0x8 ../libopencm3/lib/libopencm3_stm32f2.a(assert.o)
 .group         0x0000000000000000        0x8 ../libopencm3/lib/libopencm3_stm32f2.a(assert.o)
 .group         0x0000000000000000        0x8 ../libopencm3/lib/libopencm3_stm32f2.a(assert.o)
 .group         0x0000000000000000        0x8 ../libopencm3/lib/libopencm3_stm32f2.a(assert.o)
 .group         0x0000000000000000        0x8 ../libopencm3/lib/libopencm3_stm32f2.a(assert.o)
 .group         0x0000000000000000        0x8 ../libopencm3/lib/libopencm3_stm32f2.a(assert.o)
 .group         0x0000000000000000        0x8 ../libopencm3/lib/libopencm3_stm32f2.a(assert.o)
 .group         0x0000000000000000        0x8 ../libopencm3/lib/libopencm3_stm32f2.a(assert.o)
 .text          0x0000000000000000        0x0 ../libopencm3/lib/libopencm3_stm32f2.a(assert.o)
 .data          0x0000000000000000        0x0 ../libopencm3/lib/libopencm3_stm32f2.a(assert.o)
 .bss           0x0000000000000000        0x0 ../libopencm3/lib/libopencm3_stm32f2.a(assert.o)
 .text.cm3_assert_failed
                0x0000000000000000        0x2 ../libopencm3/lib/libopencm3_stm32f2.a(assert.o)
 .text.cm3_assert_failed_verbose
                0x0000000000000000        0x6 ../libopencm3/lib/libopencm3_stm32f2.a(assert.o)
 .debug_info    0x0000000000000000       0xee ../libopencm3/lib/libopencm3_stm32f2.a(assert.o)
 .debug_abbrev  0x0000000000000000       0x8f ../libopencm3/lib/libopencm3_stm32f2.a(assert.o)
 .debug_loc     0x0000000000000000       0x84 ../libopencm3/lib/libopencm3_stm32f2.a(assert.o)
 .debug_aranges
                0x0000000000000000       0x28 ../libopencm3/lib/libopencm3_stm32f2.a(assert.o)
 .debug_ranges  0x0000000000000000       0x18 ../libopencm3/lib/libopencm3_stm32f2.a(assert.o)
 .debug_macro   0x0000000000000000       0x8a ../libopencm3/lib/libopencm3_stm32f2.a(assert.o)
 .debug_macro   0x0000000000000000      0x8aa ../libopencm3/lib/libopencm3_stm32f2.a(assert.o)
 .debug_macro   0x0000000000000000       0x22 ../libopencm3/lib/libopencm3_stm32f2.a(assert.o)
 .debug_macro   0x0000000000000000       0x4f ../libopencm3/lib/libopencm3_stm32f2.a(assert.o)
 .debug_macro   0x0000000000000000       0x51 ../libopencm3/lib/libopencm3_stm32f2.a(assert.o)
 .debug_macro   0x0000000000000000       0xef ../libopencm3/lib/libopencm3_stm32f2.a(assert.o)
 .debug_macro   0x0000000000000000       0x6a ../libopencm3/lib/libopencm3_stm32f2.a(assert.o)
 .debug_macro   0x0000000000000000      0x1df ../libopencm3/lib/libopencm3_stm32f2.a(assert.o)
 .debug_macro   0x0000000000000000       0x22 ../libopencm3/lib/libopencm3_stm32f2.a(assert.o)
 .debug_macro   0x0000000000000000       0xfa ../libopencm3/lib/libopencm3_stm32f2.a(assert.o)
 .debug_macro   0x0000000000000000       0x16 ../libopencm3/lib/libopencm3_stm32f2.a(assert.o)
 .debug_line    0x0000000000000000      0x25b ../libopencm3/lib/libopencm3_stm32f2.a(assert.o)
 .debug_str     0x0000000000000000     0x3864 ../libopencm3/lib/libopencm3_stm32f2.a(assert.o)
 .comment       0x0000000000000000       0x80 ../libopencm3/lib/libopencm3_stm32f2.a(assert.o)
 .debug_frame   0x0000000000000000       0x38 ../libopencm3/lib/libopencm3_stm32f2.a(assert.o)
 .ARM.attributes
                0x0000000000000000       0x33 ../libopencm3/lib/libopencm3_stm32f2.a(assert.o)
 .text          0x0000000000000000       0xec /home/ia/ARM_toolchain/gcc-arm-none-eabi-6-2017-q2-update/bin/../lib/gcc/arm-none-eabi/6.3.1/../../../../arm-none-eabi/lib/thumb/v7-m/libc.a(lib_a-memcpy.o)
 .data          0x0000000000000000        0x0 /home/ia/ARM_toolchain/gcc-arm-none-eabi-6-2017-q2-update/bin/../lib/gcc/arm-none-eabi/6.3.1/../../../../arm-none-eabi/lib/thumb/v7-m/libc.a(lib_a-memcpy.o)
 .bss           0x0000000000000000        0x0 /home/ia/ARM_toolchain/gcc-arm-none-eabi-6-2017-q2-update/bin/../lib/gcc/arm-none-eabi/6.3.1/../../../../arm-none-eabi/lib/thumb/v7-m/libc.a(lib_a-memcpy.o)
 .ARM.attributes
                0x0000000000000000       0x1b /home/ia/ARM_toolchain/gcc-arm-none-eabi-6-2017-q2-update/bin/../lib/gcc/arm-none-eabi/6.3.1/../../../../arm-none-eabi/lib/thumb/v7-m/libc.a(lib_a-memcpy.o)
 .text          0x0000000000000000        0x0 /home/ia/ARM_toolchain/gcc-arm-none-eabi-6-2017-q2-update/bin/../lib/gcc/arm-none-eabi/6.3.1/../../../../arm-none-eabi/lib/thumb/v7-m/libc.a(lib_a-memset.o)
 .data          0x0000000000000000        0x0 /home/ia/ARM_toolchain/gcc-arm-none-eabi-6-2017-q2-update/bin/../lib/gcc/arm-none-eabi/6.3.1/../../../../arm-none-eabi/lib/thumb/v7-m/libc.a(lib_a-memset.o)
 .bss           0x0000000000000000        0x0 /home/ia/ARM_toolchain/gcc-arm-none-eabi-6-2017-q2-update/bin/../lib/gcc/arm-none-eabi/6.3.1/../../../../arm-none-eabi/lib/thumb/v7-m/libc.a(lib_a-memset.o)

Memory Configuration

Name             Origin             Length             Attributes
rom              0x0000000008000000 0x0000000000080000 xr
ram              0x0000000020000000 0x0000000000020000 xrw
*default*        0x0000000000000000 0xffffffffffffffff

Linker script and memory map

LOAD monezor.o
LOAD src/display.o
LOAD src/setup.o
LOAD src/util.o
LOAD src/bitmaps.o
LOAD src/fonts.o
LOAD src/buttons.o
LOAD ../libopencm3/lib/libopencm3_stm32f2.a
START GROUP
LOAD /home/ia/ARM_toolchain/gcc-arm-none-eabi-6-2017-q2-update/bin/../lib/gcc/arm-none-eabi/6.3.1/../../../../arm-none-eabi/lib/thumb/v7-m/libc.a
LOAD /home/ia/ARM_toolchain/gcc-arm-none-eabi-6-2017-q2-update/bin/../lib/gcc/arm-none-eabi/6.3.1/thumb/v7-m/libgcc.a
LOAD /home/ia/ARM_toolchain/gcc-arm-none-eabi-6-2017-q2-update/bin/../lib/gcc/arm-none-eabi/6.3.1/../../../../arm-none-eabi/lib/thumb/v7-m/libnosys.a
END GROUP
START GROUP
LOAD /home/ia/ARM_toolchain/gcc-arm-none-eabi-6-2017-q2-update/bin/../lib/gcc/arm-none-eabi/6.3.1/thumb/v7-m/libgcc.a
LOAD /home/ia/ARM_toolchain/gcc-arm-none-eabi-6-2017-q2-update/bin/../lib/gcc/arm-none-eabi/6.3.1/../../../../arm-none-eabi/lib/thumb/v7-m/libc.a
END GROUP

.confidential   0x0000000020000000        0x0
 *(confidential)
                0x0000000000000001                ASSERT ((SIZEOF (.confidential) <= 0x8000), Error: Confidential section too big!)

.text           0x0000000008000000     0x12fc
 *(.vectors)
 .vectors       0x0000000008000000      0x184 ../libopencm3/lib/libopencm3_stm32f2.a(vector.o)
                0x0000000008000000                vector_table
 *(.text*)
 .text.startup.main
                0x0000000008000184       0xbc monezor.o
                0x0000000008000184                main
 .text.oledDrawPixel
                0x0000000008000240       0x30 src/display.o
                0x0000000008000240                oledDrawPixel
 .text.oledClearPixel
                0x0000000008000270       0x30 src/display.o
                0x0000000008000270                oledClearPixel
 .text.SPISend  0x00000000080002a0       0x34 src/display.o
                0x00000000080002a0                SPISend
 .text.oledClear
                0x00000000080002d4       0x10 src/display.o
                0x00000000080002d4                oledClear
 .text.oledRefresh
                0x00000000080002e4       0xe8 src/display.o
                0x00000000080002e4                oledRefresh
 .text.oledInit
                0x00000000080003cc       0x74 src/display.o
                0x00000000080003cc                oledInit
 .text.oledConvertChar
                0x0000000008000440        0xe src/display.o
                0x0000000008000440                oledConvertChar
 .text.oledStringWidth
                0x000000000800044e       0x28 src/display.o
                0x000000000800044e                oledStringWidth
 .text.oledDrawBitmap
                0x0000000008000476       0x6a src/display.o
                0x0000000008000476                oledDrawBitmap
 .text.oledBox  0x00000000080004e0       0x4a src/display.o
                0x00000000080004e0                oledBox
 .text.oledDrawChar
                0x000000000800052a       0x92 src/display.o
                0x000000000800052a                oledDrawChar
 .text.oledDrawStringSize
                0x00000000080005bc       0x40 src/display.o
                0x00000000080005bc                oledDrawStringSize
 .text.oledDrawStringRight
                0x00000000080005fc       0x1e src/display.o
                0x00000000080005fc                oledDrawStringRight
 *fill*         0x000000000800061a        0x2 
 .text.nmi_handler
                0x000000000800061c       0x10 src/setup.o
                0x000000000800061c                nmi_handler
 .text.setup    0x000000000800062c      0x104 src/setup.o
                0x000000000800062c                setup
 .text.delay    0x0000000008000730        0xa src/util.o
                0x0000000008000730                delay
 *fill*         0x000000000800073a        0x2 
 .text.fontCharWidth
                0x000000000800073c       0x10 src/fonts.o
                0x000000000800073c                fontCharWidth
 .text.fontCharData
                0x000000000800074c       0x10 src/fonts.o
                0x000000000800074c                fontCharData
 .text.rcc_is_osc_ready
                0x000000000800075c       0x44 ../libopencm3/lib/libopencm3_stm32f2.a(rcc.o)
                0x000000000800075c                rcc_is_osc_ready
 .text.rcc_wait_for_osc_ready
                0x00000000080007a0       0x10 ../libopencm3/lib/libopencm3_stm32f2.a(rcc.o)
                0x00000000080007a0                rcc_wait_for_osc_ready
 .text.rcc_osc_on
                0x00000000080007b0       0x44 ../libopencm3/lib/libopencm3_stm32f2.a(rcc.o)
                0x00000000080007b0                rcc_osc_on
 .text.rcc_set_sysclk_source
                0x00000000080007f4       0x14 ../libopencm3/lib/libopencm3_stm32f2.a(rcc.o)
                0x00000000080007f4                rcc_set_sysclk_source
 .text.rcc_set_ppre2
                0x0000000008000808       0x14 ../libopencm3/lib/libopencm3_stm32f2.a(rcc.o)
                0x0000000008000808                rcc_set_ppre2
 .text.rcc_set_ppre1
                0x000000000800081c       0x14 ../libopencm3/lib/libopencm3_stm32f2.a(rcc.o)
                0x000000000800081c                rcc_set_ppre1
 .text.rcc_set_hpre
                0x0000000008000830       0x14 ../libopencm3/lib/libopencm3_stm32f2.a(rcc.o)
                0x0000000008000830                rcc_set_hpre
 .text.rcc_set_main_pll_hse
                0x0000000008000844       0x20 ../libopencm3/lib/libopencm3_stm32f2.a(rcc.o)
                0x0000000008000844                rcc_set_main_pll_hse
 .text.rcc_clock_setup_hse_3v3
                0x0000000008000864       0x88 ../libopencm3/lib/libopencm3_stm32f2.a(rcc.o)
                0x0000000008000864                rcc_clock_setup_hse_3v3
 .text.gpio_set
                0x00000000080008ec        0x4 ../libopencm3/lib/libopencm3_stm32f2.a(gpio_common_all.o)
                0x00000000080008ec                gpio_set
 .text.gpio_clear
                0x00000000080008f0        0x6 ../libopencm3/lib/libopencm3_stm32f2.a(gpio_common_all.o)
                0x00000000080008f0                gpio_clear
 .text.gpio_get
                0x00000000080008f6        0x6 ../libopencm3/lib/libopencm3_stm32f2.a(gpio_common_all.o)
                0x00000000080008f6                gpio_get
 .text.gpio_port_read
                0x00000000080008fc        0x6 ../libopencm3/lib/libopencm3_stm32f2.a(gpio_common_all.o)
                0x00000000080008fc                gpio_port_read
 .text.gpio_mode_setup
                0x0000000008000902       0x44 ../libopencm3/lib/libopencm3_stm32f2.a(gpio_common_f0234.o)
                0x0000000008000902                gpio_mode_setup
 .text.gpio_set_af
                0x0000000008000946       0x58 ../libopencm3/lib/libopencm3_stm32f2.a(gpio_common_f0234.o)
                0x0000000008000946                gpio_set_af
 .text.spi_enable
                0x000000000800099e        0xa ../libopencm3/lib/libopencm3_stm32f2.a(spi_common_all.o)
                0x000000000800099e                spi_enable
 .text.spi_send
                0x00000000080009a8        0xa ../libopencm3/lib/libopencm3_stm32f2.a(spi_common_all.o)
                0x00000000080009a8                spi_send
 .text.spi_enable_ss_output
                0x00000000080009b2        0xa ../libopencm3/lib/libopencm3_stm32f2.a(spi_common_all.o)
                0x00000000080009b2                spi_enable_ss_output
 .text.spi_init_master
                0x00000000080009bc       0x28 ../libopencm3/lib/libopencm3_stm32f2.a(spi_common_l1f124.o)
                0x00000000080009bc                spi_init_master
 .text.flash_set_ws
                0x00000000080009e4       0x14 ../libopencm3/lib/libopencm3_stm32f2.a(flash_common_f234.o)
                0x00000000080009e4                flash_set_ws
 .text.rcc_periph_clock_enable
                0x00000000080009f8       0x1a ../libopencm3/lib/libopencm3_stm32f2.a(rcc_common_all.o)
                0x00000000080009f8                rcc_periph_clock_enable
 .text.blocking_handler
                0x0000000008000a12        0x2 ../libopencm3/lib/libopencm3_stm32f2.a(vector.o)
                0x0000000008000a12                dma2_stream1_isr
                0x0000000008000a12                tim8_brk_tim12_isr
                0x0000000008000a12                dma1_stream7_isr
                0x0000000008000a12                usart3_isr
                0x0000000008000a12                tim7_isr
                0x0000000008000a12                dma1_stream2_isr
                0x0000000008000a12                otg_hs_isr
                0x0000000008000a12                blocking_handler
                0x0000000008000a12                tim5_isr
                0x0000000008000a12                rtc_wkup_isr
                0x0000000008000a12                otg_fs_isr
                0x0000000008000a12                spi1_isr
                0x0000000008000a12                i2c3_er_isr
                0x0000000008000a12                exti2_isr
                0x0000000008000a12                usb_fs_wkup_isr
                0x0000000008000a12                tamp_stamp_isr
                0x0000000008000a12                can1_rx1_isr
                0x0000000008000a12                dma2_stream0_isr
                0x0000000008000a12                usart1_isr
                0x0000000008000a12                i2c3_ev_isr
                0x0000000008000a12                usage_fault_handler
                0x0000000008000a12                can2_rx0_isr
                0x0000000008000a12                dma1_stream6_isr
                0x0000000008000a12                can2_rx1_isr
                0x0000000008000a12                can1_sce_isr
                0x0000000008000a12                tim1_cc_isr
                0x0000000008000a12                can1_tx_isr
                0x0000000008000a12                tim1_up_tim10_isr
                0x0000000008000a12                sdio_isr
                0x0000000008000a12                eth_isr
                0x0000000008000a12                dma2_stream5_isr
                0x0000000008000a12                pvd_isr
                0x0000000008000a12                can1_rx0_isr
                0x0000000008000a12                rcc_isr
                0x0000000008000a12                dma2_stream3_isr
                0x0000000008000a12                flash_isr
                0x0000000008000a12                uart4_isr
                0x0000000008000a12                rtc_alarm_isr
                0x0000000008000a12                exti15_10_isr
                0x0000000008000a12                hash_rng_isr
                0x0000000008000a12                tim1_trg_com_tim11_isr
                0x0000000008000a12                hard_fault_handler
                0x0000000008000a12                exti1_isr
                0x0000000008000a12                i2c1_ev_isr
                0x0000000008000a12                usart6_isr
                0x0000000008000a12                spi2_isr
                0x0000000008000a12                cryp_isr
                0x0000000008000a12                nvic_wwdg_isr
                0x0000000008000a12                dma1_stream1_isr
                0x0000000008000a12                dma2_stream4_isr
                0x0000000008000a12                exti3_isr
                0x0000000008000a12                tim3_isr
                0x0000000008000a12                usart2_isr
                0x0000000008000a12                dma1_stream4_isr
                0x0000000008000a12                i2c2_er_isr
                0x0000000008000a12                i2c2_ev_isr
                0x0000000008000a12                uart5_isr
                0x0000000008000a12                dma2_stream6_isr
                0x0000000008000a12                adc_isr
                0x0000000008000a12                dma2_stream7_isr
                0x0000000008000a12                tim8_up_tim13_isr
                0x0000000008000a12                fsmc_isr
                0x0000000008000a12                exti4_isr
                0x0000000008000a12                tim6_dac_isr
                0x0000000008000a12                dma1_stream3_isr
                0x0000000008000a12                tim8_trg_com_tim14_isr
                0x0000000008000a12                mem_manage_handler
                0x0000000008000a12                can2_tx_isr
                0x0000000008000a12                exti9_5_isr
                0x0000000008000a12                tim1_brk_tim9_isr
                0x0000000008000a12                can2_sce_isr
                0x0000000008000a12                tim4_isr
                0x0000000008000a12                otg_hs_wkup_isr
                0x0000000008000a12                i2c1_er_isr
                0x0000000008000a12                dma1_stream0_isr
                0x0000000008000a12                tim8_cc_isr
                0x0000000008000a12                dcmi_isr
                0x0000000008000a12                dma2_stream2_isr
                0x0000000008000a12                eth_wkup_isr
                0x0000000008000a12                bus_fault_handler
                0x0000000008000a12                otg_hs_ep1_out_isr
                0x0000000008000a12                spi3_isr
                0x0000000008000a12                dma1_stream5_isr
                0x0000000008000a12                otg_hs_ep1_in_isr
                0x0000000008000a12                tim2_isr
                0x0000000008000a12                exti0_isr
 .text.null_handler
                0x0000000008000a14        0x2 ../libopencm3/lib/libopencm3_stm32f2.a(vector.o)
                0x0000000008000a14                null_handler
                0x0000000008000a14                sv_call_handler
                0x0000000008000a14                pend_sv_handler
                0x0000000008000a14                debug_monitor_handler
                0x0000000008000a14                sys_tick_handler
 *fill*         0x0000000008000a16        0x2 
 .text.reset_handler
                0x0000000008000a18       0x90 ../libopencm3/lib/libopencm3_stm32f2.a(vector.o)
                0x0000000008000a18                reset_handler
 .text.memset   0x0000000008000aa8       0x9c /home/ia/ARM_toolchain/gcc-arm-none-eabi-6-2017-q2-update/bin/../lib/gcc/arm-none-eabi/6.3.1/../../../../arm-none-eabi/lib/thumb/v7-m/libc.a(lib_a-memset.o)
                0x0000000008000aa8                memset
                0x0000000008000b44                . = ALIGN (0x4)
 *(.rodata*)
 .rodata.main.str1.1
                0x0000000008000b44       0x33 monezor.o
 *fill*         0x0000000008000b77        0x1 
 .rodata.bmp_logo64
                0x0000000008000b78        0x8 src/bitmaps.o
                0x0000000008000b78                bmp_logo64
 .rodata.bmp_logo64_data
                0x0000000008000b80       0xf0 src/bitmaps.o
                0x0000000008000b80                bmp_logo64_data
 .rodata        0x0000000008000c70        0x8 src/fonts.o
 .rodata.font_data
                0x0000000008000c78      0x400 src/fonts.o
                0x0000000008000c78                font_data
 .rodata.str1.1
                0x0000000008001078      0x26a src/fonts.o
 *fill*         0x00000000080012e2        0x2 
 .rodata.rcc_hse_8mhz_3v3
                0x00000000080012e4       0x18 ../libopencm3/lib/libopencm3_stm32f2.a(rcc.o)
                0x00000000080012e4                rcc_hse_8mhz_3v3
                0x00000000080012fc                . = ALIGN (0x4)

.glue_7         0x00000000080012fc        0x0
 .glue_7        0x00000000080012fc        0x0 linker stubs

.glue_7t        0x00000000080012fc        0x0
 .glue_7t       0x00000000080012fc        0x0 linker stubs

.vfp11_veneer   0x00000000080012fc        0x0
 .vfp11_veneer  0x00000000080012fc        0x0 linker stubs

.v4_bx          0x00000000080012fc        0x0
 .v4_bx         0x00000000080012fc        0x0 linker stubs

.iplt           0x00000000080012fc        0x0
 .iplt          0x00000000080012fc        0x0 monezor.o

.rel.dyn        0x00000000080012fc        0x0
 .rel.iplt      0x00000000080012fc        0x0 monezor.o

.preinit_array  0x00000000080012fc        0x0
                0x00000000080012fc                . = ALIGN (0x4)
                0x00000000080012fc                __preinit_array_start = .
 *(.preinit_array)
                0x00000000080012fc                __preinit_array_end = .

.init_array     0x00000000080012fc        0x0
                0x00000000080012fc                . = ALIGN (0x4)
                0x00000000080012fc                __init_array_start = .
 *(SORT(.init_array.*))
 *(.init_array)
                0x00000000080012fc                __init_array_end = .

.fini_array     0x00000000080012fc        0x0
                0x00000000080012fc                . = ALIGN (0x4)
                0x00000000080012fc                __fini_array_start = .
 *(.fini_array)
 *(SORT(.fini_array.*))
                0x00000000080012fc                __fini_array_end = .

.ARM.extab
 *(.ARM.extab*)

.ARM.exidx      0x00000000080012fc        0x0
                0x00000000080012fc                __exidx_start = .
 *(.ARM.exidx*)
                0x00000000080012fc                __exidx_end = .
                0x00000000080012fc                . = ALIGN (0x4)
                0x00000000080012fc                _etext = .

.data           0x0000000020000000       0x24 load address 0x00000000080012fc
                0x0000000020000000                _data = .
 *(.data*)
 .data.s.4844   0x0000000020000000       0x19 src/display.o
 .data.s.4866   0x0000000020000019        0x3 src/display.o
 .data.rcc_apb1_frequency
                0x000000002000001c        0x4 ../libopencm3/lib/libopencm3_stm32f2.a(rcc.o)
                0x000000002000001c                rcc_apb1_frequency
 .data.rcc_apb2_frequency
                0x0000000020000020        0x4 ../libopencm3/lib/libopencm3_stm32f2.a(rcc.o)
                0x0000000020000020                rcc_apb2_frequency
                0x0000000020000024                . = ALIGN (0x4)
                0x0000000020000024                _edata = .
                0x00000000080012fc                _data_loadaddr = LOADADDR (.data)

.igot.plt       0x0000000020000024        0x0 load address 0x0000000008001320
 .igot.plt      0x0000000020000024        0x0 monezor.o

.bss            0x0000000020000024      0x404 load address 0x0000000008001320
 *(.bss*)
 .bss._oledbuffer
                0x0000000020000024      0x400 src/display.o
 .bss.is_debug_link
                0x0000000020000424        0x1 src/display.o
 *(COMMON)
                0x0000000020000428                . = ALIGN (0x4)
 *fill*         0x0000000020000425        0x3 
                0x0000000020000428                _ebss = .

/DISCARD/
 *(.eh_frame)
                0x0000000020000428                . = ALIGN (0x4)
                0x0000000020000428                end = .
                0x0000000020020000                PROVIDE (_stack, (ORIGIN (ram) + LENGTH (ram)))
OUTPUT(monezor.elf elf32-littlearm)

.debug_info     0x0000000000000000     0x5ae6
 .debug_info    0x0000000000000000      0x610 monezor.o
 .debug_info    0x0000000000000610     0x1c9d src/display.o
 .debug_info    0x00000000000022ad      0x852 src/setup.o
 .debug_info    0x0000000000002aff      0x379 src/util.o
 .debug_info    0x0000000000002e78      0x667 src/bitmaps.o
 .debug_info    0x00000000000034df      0x11b src/fonts.o
 .debug_info    0x00000000000035fa      0x7a3 ../libopencm3/lib/libopencm3_stm32f2.a(rcc.o)
 .debug_info    0x0000000000003d9d      0x22c ../libopencm3/lib/libopencm3_stm32f2.a(gpio_common_all.o)
 .debug_info    0x0000000000003fc9      0x1eb ../libopencm3/lib/libopencm3_stm32f2.a(gpio_common_f0234.o)
 .debug_info    0x00000000000041b4      0xa49 ../libopencm3/lib/libopencm3_stm32f2.a(spi_common_all.o)
 .debug_info    0x0000000000004bfd      0x251 ../libopencm3/lib/libopencm3_stm32f2.a(spi_common_l1f124.o)
 .debug_info    0x0000000000004e4e      0x11b ../libopencm3/lib/libopencm3_stm32f2.a(flash_common_f234.o)
 .debug_info    0x0000000000004f69      0x8ce ../libopencm3/lib/libopencm3_stm32f2.a(rcc_common_all.o)
 .debug_info    0x0000000000005837      0x2af ../libopencm3/lib/libopencm3_stm32f2.a(vector.o)

.debug_abbrev   0x0000000000000000     0x140c
 .debug_abbrev  0x0000000000000000      0x14a monezor.o
 .debug_abbrev  0x000000000000014a      0x400 src/display.o
 .debug_abbrev  0x000000000000054a      0x178 src/setup.o
 .debug_abbrev  0x00000000000006c2      0x1a7 src/util.o
 .debug_abbrev  0x0000000000000869       0xa9 src/bitmaps.o
 .debug_abbrev  0x0000000000000912       0xbc src/fonts.o
 .debug_abbrev  0x00000000000009ce      0x292 ../libopencm3/lib/libopencm3_stm32f2.a(rcc.o)
 .debug_abbrev  0x0000000000000c60       0xf4 ../libopencm3/lib/libopencm3_stm32f2.a(gpio_common_all.o)
 .debug_abbrev  0x0000000000000d54       0xb7 ../libopencm3/lib/libopencm3_stm32f2.a(gpio_common_f0234.o)
 .debug_abbrev  0x0000000000000e0b      0x1e3 ../libopencm3/lib/libopencm3_stm32f2.a(spi_common_all.o)
 .debug_abbrev  0x0000000000000fee      0x101 ../libopencm3/lib/libopencm3_stm32f2.a(spi_common_l1f124.o)
 .debug_abbrev  0x00000000000010ef       0x88 ../libopencm3/lib/libopencm3_stm32f2.a(flash_common_f234.o)
 .debug_abbrev  0x0000000000001177      0x16e ../libopencm3/lib/libopencm3_stm32f2.a(rcc_common_all.o)
 .debug_abbrev  0x00000000000012e5      0x127 ../libopencm3/lib/libopencm3_stm32f2.a(vector.o)

.debug_aranges  0x0000000000000000      0x598
 .debug_aranges
                0x0000000000000000       0x20 monezor.o
 .debug_aranges
                0x0000000000000020       0xd0 src/display.o
 .debug_aranges
                0x00000000000000f0       0x38 src/setup.o
 .debug_aranges
                0x0000000000000128       0x48 src/util.o
 .debug_aranges
                0x0000000000000170       0x18 src/bitmaps.o
 .debug_aranges
                0x0000000000000188       0x28 src/fonts.o
 .debug_aranges
                0x00000000000001b0       0xd8 ../libopencm3/lib/libopencm3_stm32f2.a(rcc.o)
 .debug_aranges
                0x0000000000000288       0x50 ../libopencm3/lib/libopencm3_stm32f2.a(gpio_common_all.o)
 .debug_aranges
                0x00000000000002d8       0x30 ../libopencm3/lib/libopencm3_stm32f2.a(gpio_common_f0234.o)
 .debug_aranges
                0x0000000000000308      0x178 ../libopencm3/lib/libopencm3_stm32f2.a(spi_common_all.o)
 .debug_aranges
                0x0000000000000480       0x30 ../libopencm3/lib/libopencm3_stm32f2.a(spi_common_l1f124.o)
 .debug_aranges
                0x00000000000004b0       0x50 ../libopencm3/lib/libopencm3_stm32f2.a(flash_common_f234.o)
 .debug_aranges
                0x0000000000000500       0x68 ../libopencm3/lib/libopencm3_stm32f2.a(rcc_common_all.o)
 .debug_aranges
                0x0000000000000568       0x30 ../libopencm3/lib/libopencm3_stm32f2.a(vector.o)

.debug_ranges   0x0000000000000000      0x708
 .debug_ranges  0x0000000000000000       0x10 monezor.o
 .debug_ranges  0x0000000000000010      0x2e8 src/display.o
 .debug_ranges  0x00000000000002f8       0x28 src/setup.o
 .debug_ranges  0x0000000000000320       0x50 src/util.o
 .debug_ranges  0x0000000000000370       0x18 src/fonts.o
 .debug_ranges  0x0000000000000388       0xe0 ../libopencm3/lib/libopencm3_stm32f2.a(rcc.o)
 .debug_ranges  0x0000000000000468       0x40 ../libopencm3/lib/libopencm3_stm32f2.a(gpio_common_all.o)
 .debug_ranges  0x00000000000004a8       0x20 ../libopencm3/lib/libopencm3_stm32f2.a(gpio_common_f0234.o)
 .debug_ranges  0x00000000000004c8      0x168 ../libopencm3/lib/libopencm3_stm32f2.a(spi_common_all.o)
 .debug_ranges  0x0000000000000630       0x20 ../libopencm3/lib/libopencm3_stm32f2.a(spi_common_l1f124.o)
 .debug_ranges  0x0000000000000650       0x40 ../libopencm3/lib/libopencm3_stm32f2.a(flash_common_f234.o)
 .debug_ranges  0x0000000000000690       0x58 ../libopencm3/lib/libopencm3_stm32f2.a(rcc_common_all.o)
 .debug_ranges  0x00000000000006e8       0x20 ../libopencm3/lib/libopencm3_stm32f2.a(vector.o)

.debug_line     0x0000000000000000     0x2f07
 .debug_line    0x0000000000000000      0x1cb monezor.o
 .debug_line    0x00000000000001cb      0x583 src/display.o
 .debug_line    0x000000000000074e      0x216 src/setup.o
 .debug_line    0x0000000000000964      0x1df src/util.o
 .debug_line    0x0000000000000b43      0x10e src/bitmaps.o
 .debug_line    0x0000000000000c51      0x12e src/fonts.o
 .debug_line    0x0000000000000d7f      0x564 ../libopencm3/lib/libopencm3_stm32f2.a(rcc.o)
 .debug_line    0x00000000000012e3      0x3a9 ../libopencm3/lib/libopencm3_stm32f2.a(gpio_common_all.o)
 .debug_line    0x000000000000168c      0x3a4 ../libopencm3/lib/libopencm3_stm32f2.a(gpio_common_f0234.o)
 .debug_line    0x0000000000001a30      0x66d ../libopencm3/lib/libopencm3_stm32f2.a(spi_common_all.o)
 .debug_line    0x000000000000209d      0x391 ../libopencm3/lib/libopencm3_stm32f2.a(spi_common_l1f124.o)
 .debug_line    0x000000000000242e      0x39c ../libopencm3/lib/libopencm3_stm32f2.a(flash_common_f234.o)
 .debug_line    0x00000000000027ca      0x3a9 ../libopencm3/lib/libopencm3_stm32f2.a(rcc_common_all.o)
 .debug_line    0x0000000000002b73      0x394 ../libopencm3/lib/libopencm3_stm32f2.a(vector.o)

.debug_str      0x0000000000000000     0xd72c
 .debug_str     0x0000000000000000      0x400 monezor.o
                                        0x4e9 (size before relaxing)
 .debug_str     0x0000000000000400      0x624 src/display.o
                                        0xa3d (size before relaxing)
 .debug_str     0x0000000000000a24      0x5dd src/setup.o
                                        0x849 (size before relaxing)
 .debug_str     0x0000000000001001       0x6d src/util.o
                                        0x325 (size before relaxing)
 .debug_str     0x000000000000106e      0x271 src/bitmaps.o
                                        0x5d7 (size before relaxing)
 .debug_str     0x00000000000012df        0xc src/fonts.o
                                        0x1c5 (size before relaxing)
 .debug_str     0x00000000000012eb     0x7184 ../libopencm3/lib/libopencm3_stm32f2.a(rcc.o)
                                       0x742b (size before relaxing)
 .debug_str     0x000000000000846f     0x13f3 ../libopencm3/lib/libopencm3_stm32f2.a(gpio_common_all.o)
                                       0x58e5 (size before relaxing)
 .debug_str     0x0000000000009862       0x79 ../libopencm3/lib/libopencm3_stm32f2.a(gpio_common_f0234.o)
                                       0x5907 (size before relaxing)
 .debug_str     0x00000000000098db     0x147f ../libopencm3/lib/libopencm3_stm32f2.a(spi_common_all.o)
                                       0x7e9a (size before relaxing)
 .debug_str     0x000000000000ad5a       0x54 ../libopencm3/lib/libopencm3_stm32f2.a(spi_common_l1f124.o)
                                       0x78a3 (size before relaxing)
 .debug_str     0x000000000000adae       0x96 ../libopencm3/lib/libopencm3_stm32f2.a(flash_common_f234.o)
                                       0x4c40 (size before relaxing)
 .debug_str     0x000000000000ae44      0x168 ../libopencm3/lib/libopencm3_stm32f2.a(rcc_common_all.o)
                                       0x72ae (size before relaxing)
 .debug_str     0x000000000000afac     0x2780 ../libopencm3/lib/libopencm3_stm32f2.a(vector.o)
                                       0x6159 (size before relaxing)

.comment        0x0000000000000000       0x7f
 .comment       0x0000000000000000       0x7f monezor.o
                                         0x80 (size before relaxing)
 .comment       0x000000000000007f       0x80 src/display.o
 .comment       0x000000000000007f       0x80 src/setup.o
 .comment       0x000000000000007f       0x80 src/util.o
 .comment       0x000000000000007f       0x80 src/bitmaps.o
 .comment       0x000000000000007f       0x80 src/fonts.o
 .comment       0x000000000000007f       0x80 ../libopencm3/lib/libopencm3_stm32f2.a(rcc.o)
 .comment       0x000000000000007f       0x80 ../libopencm3/lib/libopencm3_stm32f2.a(gpio_common_all.o)
 .comment       0x000000000000007f       0x80 ../libopencm3/lib/libopencm3_stm32f2.a(gpio_common_f0234.o)
 .comment       0x000000000000007f       0x80 ../libopencm3/lib/libopencm3_stm32f2.a(spi_common_all.o)
 .comment       0x000000000000007f       0x80 ../libopencm3/lib/libopencm3_stm32f2.a(spi_common_l1f124.o)
 .comment       0x000000000000007f       0x80 ../libopencm3/lib/libopencm3_stm32f2.a(flash_common_f234.o)
 .comment       0x000000000000007f       0x80 ../libopencm3/lib/libopencm3_stm32f2.a(rcc_common_all.o)
 .comment       0x000000000000007f       0x80 ../libopencm3/lib/libopencm3_stm32f2.a(vector.o)

.ARM.attributes
                0x0000000000000000       0x31
 .ARM.attributes
                0x0000000000000000       0x33 monezor.o
 .ARM.attributes
                0x0000000000000033       0x33 src/display.o
 .ARM.attributes
                0x0000000000000066       0x33 src/setup.o
 .ARM.attributes
                0x0000000000000099       0x33 src/util.o
 .ARM.attributes
                0x00000000000000cc       0x33 src/bitmaps.o
 .ARM.attributes
                0x00000000000000ff       0x33 src/fonts.o
 .ARM.attributes
                0x0000000000000132       0x33 ../libopencm3/lib/libopencm3_stm32f2.a(rcc.o)
 .ARM.attributes
                0x0000000000000165       0x33 ../libopencm3/lib/libopencm3_stm32f2.a(gpio_common_all.o)
 .ARM.attributes
                0x0000000000000198       0x33 ../libopencm3/lib/libopencm3_stm32f2.a(gpio_common_f0234.o)
 .ARM.attributes
                0x00000000000001cb       0x33 ../libopencm3/lib/libopencm3_stm32f2.a(spi_common_all.o)
 .ARM.attributes
                0x00000000000001fe       0x33 ../libopencm3/lib/libopencm3_stm32f2.a(spi_common_l1f124.o)
 .ARM.attributes
                0x0000000000000231       0x33 ../libopencm3/lib/libopencm3_stm32f2.a(flash_common_f234.o)
 .ARM.attributes
                0x0000000000000264       0x33 ../libopencm3/lib/libopencm3_stm32f2.a(rcc_common_all.o)
 .ARM.attributes
                0x0000000000000297       0x33 ../libopencm3/lib/libopencm3_stm32f2.a(vector.o)
 .ARM.attributes
                0x00000000000002ca       0x2d /home/ia/ARM_toolchain/gcc-arm-none-eabi-6-2017-q2-update/bin/../lib/gcc/arm-none-eabi/6.3.1/../../../../arm-none-eabi/lib/thumb/v7-m/libc.a(lib_a-memset.o)

.debug_frame    0x0000000000000000      0xb68
 .debug_frame   0x0000000000000000       0x28 monezor.o
 .debug_frame   0x0000000000000028      0x294 src/display.o
 .debug_frame   0x00000000000002bc       0x6c src/setup.o
 .debug_frame   0x0000000000000328       0x98 src/util.o
 .debug_frame   0x00000000000003c0       0x30 src/fonts.o
 .debug_frame   0x00000000000003f0      0x1a8 ../libopencm3/lib/libopencm3_stm32f2.a(rcc.o)
 .debug_frame   0x0000000000000598       0x80 ../libopencm3/lib/libopencm3_stm32f2.a(gpio_common_all.o)
 .debug_frame   0x0000000000000618       0x70 ../libopencm3/lib/libopencm3_stm32f2.a(gpio_common_f0234.o)
 .debug_frame   0x0000000000000688      0x2d0 ../libopencm3/lib/libopencm3_stm32f2.a(spi_common_all.o)
 .debug_frame   0x0000000000000958       0x4c ../libopencm3/lib/libopencm3_stm32f2.a(spi_common_l1f124.o)
 .debug_frame   0x00000000000009a4       0x80 ../libopencm3/lib/libopencm3_stm32f2.a(flash_common_f234.o)
 .debug_frame   0x0000000000000a24       0xd0 ../libopencm3/lib/libopencm3_stm32f2.a(rcc_common_all.o)
 .debug_frame   0x0000000000000af4       0x40 ../libopencm3/lib/libopencm3_stm32f2.a(vector.o)
 .debug_frame   0x0000000000000b34       0x34 /home/ia/ARM_toolchain/gcc-arm-none-eabi-6-2017-q2-update/bin/../lib/gcc/arm-none-eabi/6.3.1/../../../../arm-none-eabi/lib/thumb/v7-m/libc.a(lib_a-memset.o)

.debug_loc      0x0000000000000000     0x18c8
 .debug_loc     0x0000000000000000      0xe43 src/display.o
 .debug_loc     0x0000000000000e43      0x11d src/util.o
 .debug_loc     0x0000000000000f60       0x42 src/fonts.o
 .debug_loc     0x0000000000000fa2      0x3ee ../libopencm3/lib/libopencm3_stm32f2.a(rcc.o)
 .debug_loc     0x0000000000001390       0x97 ../libopencm3/lib/libopencm3_stm32f2.a(gpio_common_all.o)
 .debug_loc     0x0000000000001427       0xb9 ../libopencm3/lib/libopencm3_stm32f2.a(gpio_common_f0234.o)
 .debug_loc     0x00000000000014e0      0x157 ../libopencm3/lib/libopencm3_stm32f2.a(spi_common_all.o)
 .debug_loc     0x0000000000001637       0x60 ../libopencm3/lib/libopencm3_stm32f2.a(spi_common_l1f124.o)
 .debug_loc     0x0000000000001697       0x3f ../libopencm3/lib/libopencm3_stm32f2.a(flash_common_f234.o)
 .debug_loc     0x00000000000016d6      0x108 ../libopencm3/lib/libopencm3_stm32f2.a(rcc_common_all.o)
 .debug_loc     0x00000000000017de       0xea ../libopencm3/lib/libopencm3_stm32f2.a(vector.o)

.debug_macro    0x0000000000000000     0x2e2b
 .debug_macro   0x0000000000000000       0xea ../libopencm3/lib/libopencm3_stm32f2.a(rcc.o)
 .debug_macro   0x00000000000000ea      0x8aa ../libopencm3/lib/libopencm3_stm32f2.a(rcc.o)
 .debug_macro   0x0000000000000994       0x22 ../libopencm3/lib/libopencm3_stm32f2.a(rcc.o)
 .debug_macro   0x00000000000009b6       0x4f ../libopencm3/lib/libopencm3_stm32f2.a(rcc.o)
 .debug_macro   0x0000000000000a05       0x51 ../libopencm3/lib/libopencm3_stm32f2.a(rcc.o)
 .debug_macro   0x0000000000000a56       0xef ../libopencm3/lib/libopencm3_stm32f2.a(rcc.o)
 .debug_macro   0x0000000000000b45       0x6a ../libopencm3/lib/libopencm3_stm32f2.a(rcc.o)
 .debug_macro   0x0000000000000baf      0x1df ../libopencm3/lib/libopencm3_stm32f2.a(rcc.o)
 .debug_macro   0x0000000000000d8e       0x22 ../libopencm3/lib/libopencm3_stm32f2.a(rcc.o)
 .debug_macro   0x0000000000000db0       0xfa ../libopencm3/lib/libopencm3_stm32f2.a(rcc.o)
 .debug_macro   0x0000000000000eaa       0x16 ../libopencm3/lib/libopencm3_stm32f2.a(rcc.o)
 .debug_macro   0x0000000000000ec0       0x58 ../libopencm3/lib/libopencm3_stm32f2.a(rcc.o)
 .debug_macro   0x0000000000000f18      0x1c7 ../libopencm3/lib/libopencm3_stm32f2.a(rcc.o)
 .debug_macro   0x00000000000010df      0x852 ../libopencm3/lib/libopencm3_stm32f2.a(rcc.o)
 .debug_macro   0x0000000000001931       0x6a ../libopencm3/lib/libopencm3_stm32f2.a(rcc.o)
 .debug_macro   0x000000000000199b       0xf4 ../libopencm3/lib/libopencm3_stm32f2.a(rcc.o)
 .debug_macro   0x0000000000001a8f       0xd2 ../libopencm3/lib/libopencm3_stm32f2.a(gpio_common_all.o)
 .debug_macro   0x0000000000001b61       0x76 ../libopencm3/lib/libopencm3_stm32f2.a(gpio_common_all.o)
 .debug_macro   0x0000000000001bd7      0x2e6 ../libopencm3/lib/libopencm3_stm32f2.a(gpio_common_all.o)
 .debug_macro   0x0000000000001ebd      0x14e ../libopencm3/lib/libopencm3_stm32f2.a(gpio_common_all.o)
 .debug_macro   0x000000000000200b       0xd2 ../libopencm3/lib/libopencm3_stm32f2.a(gpio_common_f0234.o)
 .debug_macro   0x00000000000020dd       0xea ../libopencm3/lib/libopencm3_stm32f2.a(spi_common_all.o)
 .debug_macro   0x00000000000021c7      0x2eb ../libopencm3/lib/libopencm3_stm32f2.a(spi_common_all.o)
 .debug_macro   0x00000000000024b2       0x16 ../libopencm3/lib/libopencm3_stm32f2.a(spi_common_all.o)
 .debug_macro   0x00000000000024c8       0x1c ../libopencm3/lib/libopencm3_stm32f2.a(spi_common_all.o)
 .debug_macro   0x00000000000024e4       0xea ../libopencm3/lib/libopencm3_stm32f2.a(spi_common_l1f124.o)
 .debug_macro   0x00000000000025ce       0xc3 ../libopencm3/lib/libopencm3_stm32f2.a(flash_common_f234.o)
 .debug_macro   0x0000000000002691       0xcf ../libopencm3/lib/libopencm3_stm32f2.a(rcc_common_all.o)
 .debug_macro   0x0000000000002760       0xd0 ../libopencm3/lib/libopencm3_stm32f2.a(vector.o)
 .debug_macro   0x0000000000002830      0x3a1 ../libopencm3/lib/libopencm3_stm32f2.a(vector.o)
 .debug_macro   0x0000000000002bd1       0x6a ../libopencm3/lib/libopencm3_stm32f2.a(vector.o)
 .debug_macro   0x0000000000002c3b      0x1f0 ../libopencm3/lib/libopencm3_stm32f2.a(vector.o)
